0 verbose cli /usr/local/bin/node /usr/local/bin/npm
1 info using npm@11.18.0
2 info using node@v23.11.1
3 silly config load:file:/usr/local/lib/node_modules/npm/npmrc
4 silly config load:file:/home/container/.npmrc
5 silly config load:file:/usr/local/etc/npmrc
6 verbose title npm install
7 verbose argv "install"
8 verbose logfile logs-max:10 dir:/home/container/.npm/_logs/2026-09-07T15_15_42_301Z-
9 verbose logfile /home/container/.npm/_logs/2026-09-07T15_15_42_301Z-debug-0.log
10 silly logfile start cleaning logs, removing 1 files
11 silly logfile done cleaning log files
12 silly packumentCache heap:1822162944 maxSize:455540736 maxEntrySize:227770368
13 silly idealTree buildDeps
14 silly reify moves {}
15 silly audit bulk request {
15 silly audit   '@borewit/text-codec': [ '0.2.2' ],
15 silly audit   '@cacheable/memory': [ '2.2.0' ],
15 silly audit   '@cacheable/node-cache': [ '1.7.6' ],
15 silly audit   '@cacheable/utils': [ '2.5.0' ],
15 silly audit   '@emnapi/runtime': [ '1.11.3' ],
15 silly audit   '@hapi/boom': [ '10.0.1', '9.1.4' ],
15 silly audit   '@hapi/hoek': [ '11.0.7', '9.3.0' ],
15 silly audit   '@img/colour': [ '1.1.0' ],
15 silly audit   '@img/sharp-darwin-arm64': [ '0.35.4' ],
15 silly audit   '@img/sharp-darwin-x64': [ '0.35.4' ],
15 silly audit   '@img/sharp-freebsd-wasm32': [ '0.35.4' ],
15 silly audit   '@img/sharp-libvips-darwin-arm64': [ '1.3.3' ],
15 silly audit   '@img/sharp-libvips-darwin-x64': [ '1.3.3' ],
15 silly audit   '@img/sharp-libvips-linux-arm': [ '1.3.3' ],
15 silly audit   '@img/sharp-libvips-linux-arm64': [ '1.3.3' ],
15 silly audit   '@img/sharp-libvips-linux-ppc64': [ '1.3.3' ],
15 silly audit   '@img/sharp-libvips-linux-riscv64': [ '1.3.3' ],
15 silly audit   '@img/sharp-libvips-linux-s390x': [ '1.3.3' ],
15 silly audit   '@img/sharp-libvips-linux-x64': [ '1.3.3' ],
15 silly audit   '@img/sharp-libvips-linuxmusl-arm64': [ '1.3.3' ],
15 silly audit   '@img/sharp-libvips-linuxmusl-x64': [ '1.3.3' ],
15 silly audit   '@img/sharp-linux-arm': [ '0.35.4' ],
15 silly audit   '@img/sharp-linux-arm64': [ '0.35.4' ],
15 silly audit   '@img/sharp-linux-ppc64': [ '0.35.4' ],
15 silly audit   '@img/sharp-linux-riscv64': [ '0.35.4' ],
15 silly audit   '@img/sharp-linux-s390x': [ '0.35.4' ],
15 silly audit   '@img/sharp-linux-x64': [ '0.35.4' ],
15 silly audit   '@img/sharp-linuxmusl-arm64': [ '0.35.4' ],
15 silly audit   '@img/sharp-linuxmusl-x64': [ '0.35.4' ],
15 silly audit   '@img/sharp-wasm32': [ '0.35.4' ],
15 silly audit   '@img/sharp-webcontainers-wasm32': [ '0.35.4' ],
15 silly audit   '@img/sharp-win32-arm64': [ '0.35.4' ],
15 silly audit   '@img/sharp-win32-ia32': [ '0.35.4' ],
15 silly audit   '@img/sharp-win32-x64': [ '0.35.4' ],
15 silly audit   '@jimp/core': [ '1.6.1' ],
15 silly audit   '@jimp/diff': [ '1.6.1' ],
15 silly audit   '@jimp/file-ops': [ '1.6.1' ],
15 silly audit   '@jimp/js-bmp': [ '1.6.1' ],
15 silly audit   '@jimp/js-gif': [ '1.6.1' ],
15 silly audit   '@jimp/js-jpeg': [ '1.6.1' ],
15 silly audit   '@jimp/js-png': [ '1.6.1' ],
15 silly audit   '@jimp/js-tiff': [ '1.6.1' ],
15 silly audit   '@jimp/plugin-blit': [ '1.6.1' ],
15 silly audit   '@jimp/plugin-blur': [ '1.6.1' ],
15 silly audit   '@jimp/plugin-circle': [ '1.6.1' ],
15 silly audit   '@jimp/plugin-color': [ '1.6.1' ],
15 silly audit   '@jimp/plugin-contain': [ '1.6.1' ],
15 silly audit   '@jimp/plugin-cover': [ '1.6.1' ],
15 silly audit   '@jimp/plugin-crop': [ '1.6.1' ],
15 silly audit   '@jimp/plugin-displace': [ '1.6.1' ],
15 silly audit   '@jimp/plugin-dither': [ '1.6.1' ],
15 silly audit   '@jimp/plugin-fisheye': [ '1.6.1' ],
15 silly audit   '@jimp/plugin-flip': [ '1.6.1' ],
15 silly audit   '@jimp/plugin-hash': [ '1.6.1' ],
15 silly audit   '@jimp/plugin-mask': [ '1.6.1' ],
15 silly audit   '@jimp/plugin-print': [ '1.6.1' ],
15 silly audit   '@jimp/plugin-quantize': [ '1.6.1' ],
15 silly audit   '@jimp/plugin-resize': [ '1.6.1' ],
15 silly audit   '@jimp/plugin-rotate': [ '1.6.1' ],
15 silly audit   '@jimp/plugin-threshold': [ '1.6.1' ],
15 silly audit   '@jimp/types': [ '1.6.1' ],
15 silly audit   '@jimp/utils': [ '1.6.1' ],
15 silly audit   '@jsep-plugin/assignment': [ '1.3.0' ],
15 silly audit   '@jsep-plugin/regex': [ '1.0.4' ],
15 silly audit   '@keyv/bigmap': [ '1.3.1' ],
15 silly audit   '@keyv/serialize': [ '1.1.1' ],
15 silly audit   '@pinojs/redact': [ '0.4.0' ],
15 silly audit   '@protobufjs/aspromise': [ '1.1.2' ],
15 silly audit   '@protobufjs/base64': [ '1.1.2' ],
15 silly audit   '@protobufjs/codegen': [ '2.0.5' ],
15 silly audit   '@protobufjs/eventemitter': [ '1.1.1' ],
15 silly audit   '@protobufjs/fetch': [ '1.1.1' ],
15 silly audit   '@protobufjs/float': [ '1.0.2' ],
15 silly audit   '@protobufjs/path': [ '1.1.2' ],
15 silly audit   '@protobufjs/pool': [ '1.1.0' ],
15 silly audit   '@protobufjs/utf8': [ '1.1.2' ],
15 silly audit   '@tokenizer/inflate': [ '0.4.1' ],
15 silly audit   '@tokenizer/token': [ '0.3.0' ],
15 silly audit   '@types/node': [ '16.9.1' ],
15 silly audit   '@types/tinycolor2': [ '1.4.6' ],
15 silly audit   'yo-soy-yo-baileys': [ '0.7.14' ],
15 silly audit   pino: [ '9.14.0', '10.3.1' ],
15 silly audit   'pino-abstract-transport': [ '2.0.0', '3.0.0' ],
15 silly audit   'thread-stream': [ '3.2.0', '4.2.0' ],
15 silly audit   acorn: [ '7.4.1' ],
15 silly audit   'acorn-node': [ '1.8.2' ],
15 silly audit   'acorn-walk': [ '7.2.0' ],
15 silly audit   'agent-base': [ '6.0.2' ],
15 silly audit   'ansi-regex': [ '5.0.1', '3.0.1' ],
15 silly audit   'ansi-styles': [ '4.3.0' ],
15 silly audit   'any-base': [ '1.1.0' ],
15 silly audit   async: [ '0.2.10' ],
15 silly audit   'async-mutex': [ '0.5.0' ],
15 silly audit   'async.parallellimit': [ '0.5.2' ],
15 silly audit   'async.util.eachoflimit': [ '0.5.2' ],
15 silly audit   'async.util.isarray': [ '0.5.2' ],
15 silly audit   'async.util.isarraylike': [ '0.5.2' ],
15 silly audit   'async.util.keyiterator': [ '0.5.2' ],
15 silly audit   'async.util.keys': [ '0.5.2' ],
15 silly audit   'async.util.noop': [ '0.5.2' ],
15 silly audit   'async.util.once': [ '0.5.2' ],
15 silly audit   'async.util.onlyonce': [ '0.5.2' ],
15 silly audit   'async.util.parallel': [ '0.5.2' ],
15 silly audit   'async.util.restparam': [ '0.5.2' ],
15 silly audit   asynckit: [ '0.4.0' ],
15 silly audit   'atomic-sleep': [ '1.0.0' ],
15 silly audit   'await-to-js': [ '3.0.0' ],
15 silly audit   axios: [ '1.20.0' ],
15 silly audit   'balanced-match': [ '1.0.2' ],
15 silly audit   'bmp-ts': [ '1.0.9' ],
15 silly audit   boolbase: [ '1.0.0' ],
15 silly audit   boolstring: [ '2.0.1' ],
15 silly audit   'brace-expansion': [ '1.1.18' ],
15 silly audit   cacheable: [ '2.5.0' ],
15 silly audit   'call-bind-apply-helpers': [ '1.0.2' ],
15 silly audit   camelcase: [ '5.3.1' ],
15 silly audit   chalk: [ '5.6.2', '4.1.2' ],
15 silly audit   cheerio: [ '1.2.0' ],
15 silly audit   'cheerio-select': [ '2.1.0' ],
15 silly audit   cliui: [ '6.0.0' ],
15 silly audit   clone: [ '2.1.2' ],
15 silly audit   'color-convert': [ '2.0.1' ],
15 silly audit   'color-name': [ '1.1.4' ],
15 silly audit   'combined-stream': [ '1.0.8' ],
15 silly audit   'concat-map': [ '0.0.1' ],
15 silly audit   'content-type': [ '2.1.0' ],
15 silly audit   'css-select': [ '5.2.2' ],
15 silly audit   'css-what': [ '6.2.2' ],
15 silly audit   'curve25519-js': [ '0.0.4' ],
15 silly audit   dasu: [ '0.4.3' ],
15 silly audit   'data-uri-to-buffer': [ '4.0.1' ],
15 silly audit   debug: [ '4.4.3' ],
15 silly audit   decamelize: [ '1.2.0' ],
15 silly audit   'delayed-stream': [ '1.0.0' ],
15 silly audit   'detect-libc': [ '2.1.2' ],
15 silly audit   dijkstrajs: [ '1.0.3' ],
15 silly audit   'dom-serializer': [ '2.0.0' ],
15 silly audit   domelementtype: [ '2.3.0' ],
15 silly audit   domhandler: [ '5.0.3' ],
15 silly audit   domutils: [ '3.2.2' ],
15 silly audit   'dunder-proto': [ '1.0.1' ],
15 silly audit   'emoji-regex': [ '8.0.0' ],
15 silly audit   'encoding-sniffer': [ '0.2.1' ],
15 silly audit   entities: [ '4.5.0', '7.0.1', '6.0.1' ],
15 silly audit   'es-define-property': [ '1.0.1' ],
15 silly audit   'es-errors': [ '1.3.0' ],
15 silly audit   'es-object-atoms': [ '1.1.2' ],
15 silly audit   'es-set-tostringtag': [ '2.1.0' ],
15 silly audit   eventemitter3: [ '5.0.4' ],
15 silly audit   'exif-parser': [ '0.1.12' ],
15 silly audit   'fetch-blob': [ '3.2.0' ],
15 silly audit   fflate: [ '0.8.3' ],
15 silly audit   'file-type': [ '21.3.4' ],
15 silly audit   'find-up': [ '4.1.0' ],
15 silly audit   'fluent-ffmpeg': [ '2.1.3' ],
15 silly audit   'follow-redirects': [ '1.16.0' ],
15 silly audit   'form-data': [ '4.0.6' ],
15 silly audit   'mime-db': [ '1.52.0', '1.54.0' ],
15 silly audit   'mime-types': [ '2.1.35', '3.0.2' ],
15 silly audit   'formdata-polyfill': [ '4.0.10' ],
15 silly audit   'function-bind': [ '1.1.2' ],
15 silly audit   'get-caller-file': [ '2.0.5' ],
15 silly audit   'get-intrinsic': [ '1.3.0' ],
15 silly audit   'get-proto': [ '1.0.1' ],
15 silly audit   gifwrap: [ '0.10.1' ],
15 silly audit   gopd: [ '1.2.0' ],
15 silly audit   'gradient-string': [ '2.0.2' ],
15 silly audit   'grapheme-splitter': [ '1.0.4' ],
15 silly audit   'has-flag': [ '4.0.0' ],
15 silly audit   'has-symbols': [ '1.1.0' ],
15 silly audit   'has-tostringtag': [ '1.0.2' ],
15 silly audit   hashery: [ '1.5.1' ],
15 silly audit   hasown: [ '2.0.4' ],
15 silly audit   hookified: [ '1.15.1', '2.2.0' ],
15 silly audit   htmlparser2: [ '10.1.0' ],
15 silly audit   'https-proxy-agent': [ '5.0.1' ],
15 silly audit   'human-readable': [ '0.2.1' ],
15 silly audit   'human-time': [ '0.0.2' ],
15 silly audit   'iconv-lite': [ '0.6.3' ],
15 silly audit   ieee754: [ '1.2.1' ],
15 silly audit   'image-q': [ '4.0.0' ],
15 silly audit   'is-fullwidth-code-point': [ '3.0.0', '2.0.0' ],
15 silly audit   isexe: [ '2.0.0' ],
15 silly audit   jimp: [ '1.6.1' ],
15 silly audit   'jpeg-js': [ '0.4.4' ],
15 silly audit   jsep: [ '1.4.0' ],
15 silly audit   'jsonpath-plus': [ '10.3.0' ],
15 silly audit   keypress: [ '0.2.1' ],
15 silly audit   keyv: [ '5.6.0' ],
15 silly audit   libsignal: [ '6.0.0' ],
15 silly audit   'locate-path': [ '5.0.0' ],
15 silly audit   long: [ '5.3.2' ],
15 silly audit   'lru-cache': [ '11.5.2' ],
15 silly audit   'math-intrinsics': [ '1.1.0' ],
15 silly audit   'media-typer': [ '2.0.0' ],
15 silly audit   mime: [ '3.0.0' ],
15 silly audit   'mimic-fn': [ '2.1.0' ],
15 silly audit   minimatch: [ '3.0.8' ],
15 silly audit   minimist: [ '1.2.8' ],
15 silly audit   moment: [ '2.30.1' ],
15 silly audit   'moment-timezone': [ '0.5.48' ],
15 silly audit   ms: [ '2.1.3' ],
15 silly audit   'music-metadata': [ '11.15.0' ],
15 silly audit   'node-cache': [ '5.1.2' ],
15 silly audit   'node-domexception': [ '1.0.0' ],
15 silly audit   'node-fetch': [ '3.3.2' ],
15 silly audit   'node-fzf': [ '0.14.0' ],
15 silly audit   'string-width': [ '2.1.1', '4.2.3' ],
15 silly audit   'strip-ansi': [ '4.0.0', '6.0.1' ],
15 silly audit   'node-webpmux': [ '3.2.1' ],
15 silly audit   'nth-check': [ '2.1.1' ],
15 silly audit   omggif: [ '1.0.10' ],
15 silly audit   'on-exit-leak-free': [ '2.1.2' ],
15 silly audit   onetime: [ '5.1.2' ],
15 silly audit   'p-limit': [ '2.3.0' ],
15 silly audit   'p-locate': [ '4.1.0' ],
15 silly audit   'p-queue': [ '9.3.3' ],
15 silly audit   'p-timeout': [ '7.0.1' ],
15 silly audit   'p-try': [ '2.2.0' ],
15 silly audit   pako: [ '1.0.11' ],
15 silly audit   'parse-bmfont-ascii': [ '1.0.6' ],
15 silly audit   'parse-bmfont-binary': [ '1.0.6' ],
15 silly audit   'parse-bmfont-xml': [ '1.1.6' ],
15 silly audit   parse5: [ '7.3.0' ],
15 silly audit   'parse5-htmlparser2-tree-adapter': [ '7.1.0' ],
15 silly audit   'parse5-parser-stream': [ '7.1.2' ],
15 silly audit   'path-exists': [ '4.0.0' ],
15 silly audit   picocolors: [ '1.1.1' ],
15 silly audit   'pino-std-serializers': [ '7.1.0' ],
15 silly audit   pixelmatch: [ '5.3.0' ],
15 silly audit   pngjs: [ '6.0.0', '7.0.0', '5.0.0' ],
15 silly audit   'process-warning': [ '5.1.0' ],
15 silly audit   protobufjs: [ '7.6.6' ],
15 silly audit   'proxy-from-env': [ '2.1.0' ],
15 silly audit   qified: [ '0.10.1' ],
15 silly audit   qrcode: [ '1.5.4' ],
15 silly audit   'qrcode-terminal': [ '0.12.0' ],
15 silly audit   'quick-format-unescaped': [ '4.0.4' ],
15 silly audit   'readline-sync': [ '1.4.10' ],
15 silly audit   'real-require': [ '0.2.0', '1.0.0' ],
15 silly audit   redstar: [ '0.0.2' ],
15 silly audit   'require-directory': [ '2.1.1' ],
15 silly audit   'require-main-filename': [ '2.0.0' ],
15 silly audit   'restore-cursor': [ '3.1.0' ],
15 silly audit   'safe-stable-stringify': [ '2.5.0' ],
15 silly audit   'safer-buffer': [ '2.1.2' ],
15 silly audit   sax: [ '1.6.1' ],
15 silly audit   semver: [ '7.8.5' ],
15 silly audit   'set-blocking': [ '2.0.0' ],
15 silly audit   sharp: [ '0.35.4' ],
15 silly audit   'signal-exit': [ '3.0.7' ],
15 silly audit   'simple-xml-to-json': [ '1.2.7' ],
15 silly audit   'sonic-boom': [ '4.2.1' ],
15 silly audit   split2: [ '4.2.0' ],
15 silly audit   strtok3: [ '10.3.5' ],
15 silly audit   'supports-color': [ '7.2.0' ],
15 silly audit   'syntax-error': [ '1.4.0' ],
15 silly audit   tinycolor2: [ '1.6.0' ],
15 silly audit   tinygradient: [ '1.1.5' ],
15 silly audit   'token-types': [ '6.1.2' ],
15 silly audit   tslib: [ '2.8.1' ],
15 silly audit   ttys: [ '0.0.3' ],
15 silly audit   'uint8array-extras': [ '1.5.0' ],
15 silly audit   undici: [ '7.29.1' ],
15 silly audit   utif2: [ '4.1.0' ],
15 silly audit   uuid: [ '14.0.2' ],
15 silly audit   'web-streams-polyfill': [ '3.3.3' ],
15 silly audit   'whatsapp-rust-bridge': [ '0.5.2' ],
15 silly audit   'whatwg-encoding': [ '3.1.1' ],
15 silly audit   'whatwg-mimetype': [ '4.0.0' ],
15 silly audit   which: [ '1.3.1' ],
15 silly audit   'which-module': [ '2.0.1' ],
15 silly audit   'win-guid': [ '0.2.1' ],
15 silly audit   'wrap-ansi': [ '6.2.0' ],
15 silly audit   ws: [ '8.21.3' ],
15 silly audit   'xml-parse-from-string': [ '1.0.1' ],
15 silly audit   xml2js: [ '0.5.0' ],
15 silly audit   xmlbuilder: [ '11.0.1' ],
15 silly audit   xtend: [ '4.0.2' ],
15 silly audit   y18n: [ '4.0.3' ],
15 silly audit   yargs: [ '15.4.1' ],
15 silly audit   'yargs-parser': [ '18.1.3' ],
15 silly audit   'yt-search': [ '2.13.1' ],
15 silly audit   zod: [ '3.25.76' ]
15 silly audit }
16 http fetch POST 200 https://registry.npmjs.org/-/npm/v1/security/advisories/bulk 305ms
17 silly audit report {
17 silly audit report   minimatch: [
17 silly audit report     {
17 silly audit report       id: 1113459,
17 silly audit report       url: 'https://github.com/advisories/GHSA-3ppc-4f35-3m26',
17 silly audit report       title: 'minimatch has a ReDoS via repeated wildcards with non-matching literal in pattern',
17 silly audit report       severity: 'high',
17 silly audit report       vulnerable_versions: '<3.1.3',
17 silly audit report       cwe: [Array],
17 silly audit report       cvss: [Object]
17 silly audit report     },
17 silly audit report     {
17 silly audit report       id: 1113538,
17 silly audit report       url: 'https://github.com/advisories/GHSA-7r86-cg39-jmmj',
17 silly audit report       title: 'minimatch has ReDoS: matchOne() combinatorial backtracking via multiple non-adjacent GLOBSTAR segments',
17 silly audit report       severity: 'high',
17 silly audit report       vulnerable_versions: '<3.1.3',
17 silly audit report       cwe: [Array],
17 silly audit report       cvss: [Object]
17 silly audit report     },
17 silly audit report     {
17 silly audit report       id: 1113546,
17 silly audit report       url: 'https://github.com/advisories/GHSA-23c5-xmqv-rm74',
17 silly audit report       title: 'minimatch ReDoS: nested *() extglobs generate catastrophically backtracking regular expressions',
17 silly audit report       severity: 'high',
17 silly audit report       vulnerable_versions: '<3.1.4',
17 silly audit report       cwe: [Array],
17 silly audit report       cvss: [Object]
17 silly audit report     }
17 silly audit report   ]
17 silly audit report }
18 silly packumentCache corgi:https://registry.npmjs.org/minimatch cache-miss
19 http cache https://registry.npmjs.org/minimatch 9ms (cache hit)
20 silly packumentCache corgi:https://registry.npmjs.org/minimatch set size:169442 disposed:false
21 silly packumentCache corgi:https://registry.npmjs.org/redstar cache-miss
22 http cache https://registry.npmjs.org/redstar 3ms (cache hit)
23 silly packumentCache corgi:https://registry.npmjs.org/redstar set size:1262 disposed:false
24 silly packumentCache corgi:https://registry.npmjs.org/node-fzf cache-miss
25 http cache https://registry.npmjs.org/node-fzf 4ms (cache hit)
26 silly packumentCache corgi:https://registry.npmjs.org/node-fzf set size:42290 disposed:false
27 silly packumentCache corgi:https://registry.npmjs.org/yt-search cache-miss
28 http cache https://registry.npmjs.org/yt-search 3ms (cache hit)
29 silly packumentCache corgi:https://registry.npmjs.org/yt-search set size:126336 disposed:false
30 warn allow-scripts 1 package has install scripts not yet covered by allowScripts:
30 warn allow-scripts   protobufjs@7.6.6 (postinstall: node scripts/postinstall)
30 warn allow-scripts
30 warn allow-scripts Run `npm install-scripts ls` to review, or `npm install-scripts approve <pkg>` to allow.
31 verbose cwd /home/container
32 verbose os Linux 6.17.0-1013-azure
33 verbose node v23.11.1
34 verbose npm  v11.18.0
35 verbose exit 0
36 info ok
