0 verbose cli /usr/local/bin/node /usr/local/bin/npm
1 info using npm@11.18.0
2 info using node@v23.11.1
3 silly config load:file:/usr/local/lib/node_modules/npm/npmrc
4 silly config load:file:/home/container/.npmrc
5 silly config load:file:/usr/local/etc/npmrc
6 verbose title npm install
7 verbose argv "install"
8 verbose logfile logs-max:10 dir:/home/container/.npm/_logs/2026-09-07T15_11_00_360Z-
9 verbose logfile /home/container/.npm/_logs/2026-09-07T15_11_00_360Z-debug-0.log
10 silly logfile done cleaning log files
11 silly packumentCache heap:1822162944 maxSize:455540736 maxEntrySize:227770368
12 silly idealTree buildDeps
13 silly fetch manifest @whiskeysockets/baileys@git+https://github.com/Andresv27728/baileys-beta.git
14 http fetch GET 200 https://registry.npmjs.org/npm 150ms
15 silly fetch manifest audio-decode@^2.1.3
16 silly packumentCache full:https://registry.npmjs.org/audio-decode cache-miss
17 http fetch GET 200 https://registry.npmjs.org/audio-decode 35ms (cache miss)
18 silly packumentCache full:https://registry.npmjs.org/audio-decode set size:undefined disposed:false
19 silly fetch manifest jimp@^1.6.0
20 silly packumentCache full:https://registry.npmjs.org/jimp cache-miss
21 http fetch GET 200 https://registry.npmjs.org/jimp 60ms (cache miss)
22 silly packumentCache full:https://registry.npmjs.org/jimp set size:undefined disposed:false
23 silly fetch manifest link-preview-js@^3.0.0
24 silly packumentCache full:https://registry.npmjs.org/link-preview-js cache-miss
25 http fetch GET 200 https://registry.npmjs.org/link-preview-js 36ms (cache miss)
26 silly packumentCache full:https://registry.npmjs.org/link-preview-js set size:undefined disposed:false
27 silly fetch manifest sharp@*
28 silly packumentCache full:https://registry.npmjs.org/sharp cache-miss
29 http fetch GET 200 https://registry.npmjs.org/sharp 52ms (cache miss)
30 silly packumentCache full:https://registry.npmjs.org/sharp set size:undefined disposed:false
31 silly fetch manifest @hapi/boom@^10.0.1
32 silly packumentCache full:https://registry.npmjs.org/@hapi%2fboom cache-miss
33 http fetch GET 200 https://registry.npmjs.org/@hapi%2fboom 37ms (cache miss)
34 silly packumentCache full:https://registry.npmjs.org/@hapi%2fboom set size:undefined disposed:false
35 silly fetch manifest axios@^1.16.1
36 silly packumentCache full:https://registry.npmjs.org/axios cache-miss
37 http fetch GET 200 https://registry.npmjs.org/axios 45ms (cache miss)
38 silly packumentCache full:https://registry.npmjs.org/axios set size:undefined disposed:false
39 silly fetch manifest chalk@^5.3.0
40 silly packumentCache full:https://registry.npmjs.org/chalk cache-miss
41 http fetch GET 200 https://registry.npmjs.org/chalk 28ms (cache miss)
42 silly packumentCache full:https://registry.npmjs.org/chalk set size:undefined disposed:false
43 silly fetch manifest fluent-ffmpeg@^2.1.2
44 silly packumentCache full:https://registry.npmjs.org/fluent-ffmpeg cache-miss
45 http fetch GET 200 https://registry.npmjs.org/fluent-ffmpeg 30ms (cache miss)
46 silly packumentCache full:https://registry.npmjs.org/fluent-ffmpeg set size:undefined disposed:false
47 silly fetch manifest form-data@^4.0.0
48 silly packumentCache full:https://registry.npmjs.org/form-data cache-miss
49 http fetch GET 200 https://registry.npmjs.org/form-data 30ms (cache miss)
50 silly packumentCache full:https://registry.npmjs.org/form-data set size:undefined disposed:false
51 silly fetch manifest gradient-string@^2.0.2
52 silly packumentCache full:https://registry.npmjs.org/gradient-string cache-miss
53 http fetch GET 200 https://registry.npmjs.org/gradient-string 27ms (cache miss)
54 silly packumentCache full:https://registry.npmjs.org/gradient-string set size:undefined disposed:false
55 silly fetch manifest human-readable@^0.2.1
56 silly packumentCache full:https://registry.npmjs.org/human-readable cache-miss
57 http fetch GET 200 https://registry.npmjs.org/human-readable 22ms (cache miss)
58 silly packumentCache full:https://registry.npmjs.org/human-readable set size:undefined disposed:false
59 silly fetch manifest moment-timezone@^0.5.48
60 silly packumentCache full:https://registry.npmjs.org/moment-timezone cache-miss
61 http fetch GET 200 https://registry.npmjs.org/moment-timezone 26ms (cache miss)
62 silly packumentCache full:https://registry.npmjs.org/moment-timezone set size:undefined disposed:false
63 silly fetch manifest moment@^2.29.4
64 silly packumentCache full:https://registry.npmjs.org/moment cache-miss
65 http fetch GET 200 https://registry.npmjs.org/moment 31ms (cache miss)
66 silly packumentCache full:https://registry.npmjs.org/moment set size:undefined disposed:false
67 silly fetch manifest mime-types@^3.0.2
68 silly packumentCache full:https://registry.npmjs.org/mime-types cache-miss
69 http fetch GET 200 https://registry.npmjs.org/mime-types 26ms (cache miss)
70 silly packumentCache full:https://registry.npmjs.org/mime-types set size:undefined disposed:false
71 silly fetch manifest node-fetch@^3.3.2
72 silly packumentCache full:https://registry.npmjs.org/node-fetch cache-miss
73 http fetch GET 200 https://registry.npmjs.org/node-fetch 55ms (cache miss)
74 silly packumentCache full:https://registry.npmjs.org/node-fetch set size:undefined disposed:false
75 silly fetch manifest node-cache@^5.1.2
76 silly packumentCache full:https://registry.npmjs.org/node-cache cache-miss
77 http fetch GET 200 https://registry.npmjs.org/node-cache 33ms (cache miss)
78 silly packumentCache full:https://registry.npmjs.org/node-cache set size:undefined disposed:false
79 silly fetch manifest node-webpmux@^3.2.0
80 silly packumentCache full:https://registry.npmjs.org/node-webpmux cache-miss
81 http fetch GET 200 https://registry.npmjs.org/node-webpmux 27ms (cache miss)
82 silly packumentCache full:https://registry.npmjs.org/node-webpmux set size:undefined disposed:false
83 silly fetch manifest grapheme-splitter@^1.0.4
84 silly packumentCache full:https://registry.npmjs.org/grapheme-splitter cache-miss
85 http fetch GET 200 https://registry.npmjs.org/grapheme-splitter 25ms (cache miss)
86 silly packumentCache full:https://registry.npmjs.org/grapheme-splitter set size:undefined disposed:false
87 silly fetch manifest pino@^10.3.1
88 silly packumentCache full:https://registry.npmjs.org/pino cache-miss
89 http fetch GET 200 https://registry.npmjs.org/pino 61ms (cache miss)
90 silly packumentCache full:https://registry.npmjs.org/pino set size:undefined disposed:false
91 silly fetch manifest qrcode@^1.5.3
92 silly packumentCache full:https://registry.npmjs.org/qrcode cache-miss
93 http fetch GET 200 https://registry.npmjs.org/qrcode 31ms (cache miss)
94 silly packumentCache full:https://registry.npmjs.org/qrcode set size:undefined disposed:false
95 silly fetch manifest qrcode-terminal@^0.12.0
96 silly packumentCache full:https://registry.npmjs.org/qrcode-terminal cache-miss
97 http fetch GET 200 https://registry.npmjs.org/qrcode-terminal 23ms (cache miss)
98 silly packumentCache full:https://registry.npmjs.org/qrcode-terminal set size:undefined disposed:false
99 silly fetch manifest readline-sync@^1.4.10
100 silly packumentCache full:https://registry.npmjs.org/readline-sync cache-miss
101 http fetch GET 200 https://registry.npmjs.org/readline-sync 31ms (cache miss)
102 silly packumentCache full:https://registry.npmjs.org/readline-sync set size:undefined disposed:false
103 silly fetch manifest syntax-error@^1.4.0
104 silly packumentCache full:https://registry.npmjs.org/syntax-error cache-miss
105 http fetch GET 200 https://registry.npmjs.org/syntax-error 21ms (cache miss)
106 silly packumentCache full:https://registry.npmjs.org/syntax-error set size:undefined disposed:false
107 silly fetch manifest uuid@^14.0.0
108 silly packumentCache full:https://registry.npmjs.org/uuid cache-miss
109 http fetch GET 200 https://registry.npmjs.org/uuid 27ms (cache miss)
110 silly packumentCache full:https://registry.npmjs.org/uuid set size:undefined disposed:false
111 silly fetch manifest yt-search@^2.10.4
112 silly packumentCache full:https://registry.npmjs.org/yt-search cache-miss
113 http fetch GET 200 https://registry.npmjs.org/yt-search 29ms (cache miss)
114 silly packumentCache full:https://registry.npmjs.org/yt-search set size:undefined disposed:false
115 silly placeDep ROOT @hapi/boom@10.0.1 OK for: Demon Slayer@5.1 want: ^10.0.1
116 silly placeDep ROOT @whiskeysockets/baileys@0.7.14 OK for: Demon Slayer@5.1 want: git+https://github.com/Andresv27728/baileys-beta.git
117 silly placeDep ROOT sharp@0.35.4 OK for: yo-soy-yo-baileys@0.7.14 want: *
118 silly placeDep ROOT axios@1.20.0 OK for: Demon Slayer@5.1 want: ^1.16.1
119 silly placeDep ROOT chalk@5.6.2 OK for: Demon Slayer@5.1 want: ^5.3.0
120 silly placeDep ROOT fluent-ffmpeg@2.1.3 OK for: Demon Slayer@5.1 want: ^2.1.2
121 silly placeDep ROOT form-data@4.0.6 OK for: Demon Slayer@5.1 want: ^4.0.0
122 silly placeDep ROOT gradient-string@2.0.2 OK for: Demon Slayer@5.1 want: ^2.0.2
123 silly placeDep ROOT grapheme-splitter@1.0.4 OK for: Demon Slayer@5.1 want: ^1.0.4
124 silly placeDep ROOT human-readable@0.2.1 OK for: Demon Slayer@5.1 want: ^0.2.1
125 silly placeDep ROOT jimp@1.6.1 OK for: Demon Slayer@5.1 want: ^1.6.0
126 silly placeDep ROOT mime-types@3.0.2 OK for: Demon Slayer@5.1 want: ^3.0.2
127 silly placeDep ROOT moment@2.30.1 OK for: Demon Slayer@5.1 want: ^2.29.4
128 silly placeDep ROOT moment-timezone@0.5.48 OK for: Demon Slayer@5.1 want: ^0.5.48
129 silly placeDep ROOT node-cache@5.1.2 OK for: Demon Slayer@5.1 want: ^5.1.2
130 silly placeDep ROOT node-fetch@3.3.2 OK for: Demon Slayer@5.1 want: ^3.3.2
131 silly placeDep ROOT node-webpmux@3.2.1 OK for: Demon Slayer@5.1 want: ^3.2.0
132 silly placeDep ROOT pino@10.3.1 OK for: Demon Slayer@5.1 want: ^10.3.1
133 silly placeDep ROOT qrcode@1.5.4 OK for: Demon Slayer@5.1 want: ^1.5.3
134 silly placeDep ROOT qrcode-terminal@0.12.0 OK for: Demon Slayer@5.1 want: ^0.12.0
135 silly placeDep ROOT readline-sync@1.4.10 OK for: Demon Slayer@5.1 want: ^1.4.10
136 silly placeDep ROOT syntax-error@1.4.0 OK for: Demon Slayer@5.1 want: ^1.4.0
137 silly placeDep ROOT uuid@14.0.2 OK for: Demon Slayer@5.1 want: ^14.0.0
138 silly placeDep ROOT yt-search@2.13.1 OK for: Demon Slayer@5.1 want: ^2.10.4
139 silly fetch manifest @hapi/hoek@^11.0.2
140 silly packumentCache full:https://registry.npmjs.org/@hapi%2fhoek cache-miss
141 http fetch GET 200 https://registry.npmjs.org/@hapi%2fhoek 40ms (cache miss)
142 silly packumentCache full:https://registry.npmjs.org/@hapi%2fhoek set size:undefined disposed:false
143 silly fetch manifest @cacheable/node-cache@^1.4.0
144 silly packumentCache full:https://registry.npmjs.org/@cacheable%2fnode-cache cache-miss
145 http fetch GET 200 https://registry.npmjs.org/@cacheable%2fnode-cache 44ms (cache miss)
146 silly packumentCache full:https://registry.npmjs.org/@cacheable%2fnode-cache set size:undefined disposed:false
147 silly fetch manifest @hapi/boom@^9.1.3
148 silly packumentCache full:https://registry.npmjs.org/@hapi%2fboom cache-miss
149 http cache https://registry.npmjs.org/@hapi%2fboom 7ms (cache hit)
150 silly packumentCache full:https://registry.npmjs.org/@hapi%2fboom set size:56775 disposed:false
151 silly fetch manifest async-mutex@^0.5.0
152 silly packumentCache full:https://registry.npmjs.org/async-mutex cache-miss
153 http fetch GET 200 https://registry.npmjs.org/async-mutex 23ms (cache miss)
154 silly packumentCache full:https://registry.npmjs.org/async-mutex set size:undefined disposed:false
155 silly fetch manifest fflate@^0.8.0
156 silly packumentCache full:https://registry.npmjs.org/fflate cache-miss
157 http fetch GET 200 https://registry.npmjs.org/fflate 28ms (cache miss)
158 silly packumentCache full:https://registry.npmjs.org/fflate set size:undefined disposed:false
159 silly fetch manifest libsignal@git+https://github.com/whiskeysockets/libsignal-node
160 silly fetch manifest lru-cache@^11.1.0
161 silly packumentCache full:https://registry.npmjs.org/lru-cache cache-miss
162 http fetch GET 200 https://registry.npmjs.org/lru-cache 47ms (cache miss)
163 silly packumentCache full:https://registry.npmjs.org/lru-cache set size:undefined disposed:false
164 silly fetch manifest music-metadata@^11.7.0
165 silly packumentCache full:https://registry.npmjs.org/music-metadata cache-miss
166 http fetch GET 200 https://registry.npmjs.org/music-metadata 56ms (cache miss)
167 silly packumentCache full:https://registry.npmjs.org/music-metadata set size:undefined disposed:false
168 silly fetch manifest p-queue@^9.0.0
169 silly packumentCache full:https://registry.npmjs.org/p-queue cache-miss
170 http fetch GET 200 https://registry.npmjs.org/p-queue 29ms (cache miss)
171 silly packumentCache full:https://registry.npmjs.org/p-queue set size:undefined disposed:false
172 silly fetch manifest pino@^9.6
173 silly packumentCache full:https://registry.npmjs.org/pino cache-miss
174 http cache https://registry.npmjs.org/pino 6ms (cache hit)
175 silly packumentCache full:https://registry.npmjs.org/pino set size:1274398 disposed:false
176 silly fetch manifest protobufjs@^7.2.4
177 silly packumentCache full:https://registry.npmjs.org/protobufjs cache-miss
178 http fetch GET 200 https://registry.npmjs.org/protobufjs 46ms (cache miss)
179 silly packumentCache full:https://registry.npmjs.org/protobufjs set size:undefined disposed:false
180 silly fetch manifest whatsapp-rust-bridge@0.5.2
181 silly packumentCache full:https://registry.npmjs.org/whatsapp-rust-bridge cache-miss
182 http fetch GET 200 https://registry.npmjs.org/whatsapp-rust-bridge 30ms (cache miss)
183 silly packumentCache full:https://registry.npmjs.org/whatsapp-rust-bridge set size:undefined disposed:false
184 silly fetch manifest ws@^8.13.0
185 silly packumentCache full:https://registry.npmjs.org/ws cache-miss
186 http fetch GET 200 https://registry.npmjs.org/ws 43ms (cache miss)
187 silly packumentCache full:https://registry.npmjs.org/ws set size:undefined disposed:false
188 silly fetch manifest semver@^7.8.5
189 silly packumentCache full:https://registry.npmjs.org/semver cache-miss
190 http fetch GET 200 https://registry.npmjs.org/semver 30ms (cache miss)
191 silly packumentCache full:https://registry.npmjs.org/semver set size:undefined disposed:false
192 silly fetch manifest @img/colour@^1.1.0
193 silly packumentCache full:https://registry.npmjs.org/@img%2fcolour cache-miss
194 http fetch GET 200 https://registry.npmjs.org/@img%2fcolour 32ms (cache miss)
195 silly packumentCache full:https://registry.npmjs.org/@img%2fcolour set size:undefined disposed:false
196 silly fetch manifest detect-libc@^2.1.2
197 silly packumentCache full:https://registry.npmjs.org/detect-libc cache-miss
198 http fetch GET 200 https://registry.npmjs.org/detect-libc 21ms (cache miss)
199 silly packumentCache full:https://registry.npmjs.org/detect-libc set size:undefined disposed:false
200 silly fetch manifest @img/sharp-linux-arm@0.35.4
201 silly packumentCache full:https://registry.npmjs.org/@img%2fsharp-linux-arm cache-miss
202 http fetch GET 200 https://registry.npmjs.org/@img%2fsharp-linux-arm 36ms (cache miss)
203 silly packumentCache full:https://registry.npmjs.org/@img%2fsharp-linux-arm set size:undefined disposed:false
204 silly fetch manifest @img/sharp-linux-x64@0.35.4
205 silly packumentCache full:https://registry.npmjs.org/@img%2fsharp-linux-x64 cache-miss
206 http fetch GET 200 https://registry.npmjs.org/@img%2fsharp-linux-x64 31ms (cache miss)
207 silly packumentCache full:https://registry.npmjs.org/@img%2fsharp-linux-x64 set size:undefined disposed:false
208 silly fetch manifest @img/sharp-win32-x64@0.35.4
209 silly packumentCache full:https://registry.npmjs.org/@img%2fsharp-win32-x64 cache-miss
210 http fetch GET 200 https://registry.npmjs.org/@img%2fsharp-win32-x64 31ms (cache miss)
211 silly packumentCache full:https://registry.npmjs.org/@img%2fsharp-win32-x64 set size:undefined disposed:false
212 silly fetch manifest @img/sharp-darwin-x64@0.35.4
213 silly packumentCache full:https://registry.npmjs.org/@img%2fsharp-darwin-x64 cache-miss
214 http fetch GET 200 https://registry.npmjs.org/@img%2fsharp-darwin-x64 36ms (cache miss)
215 silly packumentCache full:https://registry.npmjs.org/@img%2fsharp-darwin-x64 set size:undefined disposed:false
216 silly fetch manifest @img/sharp-win32-ia32@0.35.4
217 silly packumentCache full:https://registry.npmjs.org/@img%2fsharp-win32-ia32 cache-miss
218 http fetch GET 200 https://registry.npmjs.org/@img%2fsharp-win32-ia32 35ms (cache miss)
219 silly packumentCache full:https://registry.npmjs.org/@img%2fsharp-win32-ia32 set size:undefined disposed:false
220 silly fetch manifest @img/sharp-linux-arm64@0.35.4
221 silly packumentCache full:https://registry.npmjs.org/@img%2fsharp-linux-arm64 cache-miss
222 http fetch GET 200 https://registry.npmjs.org/@img%2fsharp-linux-arm64 33ms (cache miss)
223 silly packumentCache full:https://registry.npmjs.org/@img%2fsharp-linux-arm64 set size:undefined disposed:false
224 silly fetch manifest @img/sharp-linux-ppc64@0.35.4
225 silly packumentCache full:https://registry.npmjs.org/@img%2fsharp-linux-ppc64 cache-miss
226 http fetch GET 200 https://registry.npmjs.org/@img%2fsharp-linux-ppc64 36ms (cache miss)
227 silly packumentCache full:https://registry.npmjs.org/@img%2fsharp-linux-ppc64 set size:undefined disposed:false
228 silly fetch manifest @img/sharp-linux-s390x@0.35.4
229 silly packumentCache full:https://registry.npmjs.org/@img%2fsharp-linux-s390x cache-miss
230 http fetch GET 200 https://registry.npmjs.org/@img%2fsharp-linux-s390x 33ms (cache miss)
231 silly packumentCache full:https://registry.npmjs.org/@img%2fsharp-linux-s390x set size:undefined disposed:false
232 silly fetch manifest @img/sharp-win32-arm64@0.35.4
233 silly packumentCache full:https://registry.npmjs.org/@img%2fsharp-win32-arm64 cache-miss
234 http fetch GET 200 https://registry.npmjs.org/@img%2fsharp-win32-arm64 33ms (cache miss)
235 silly packumentCache full:https://registry.npmjs.org/@img%2fsharp-win32-arm64 set size:undefined disposed:false
236 silly fetch manifest @img/sharp-darwin-arm64@0.35.4
237 silly packumentCache full:https://registry.npmjs.org/@img%2fsharp-darwin-arm64 cache-miss
238 http fetch GET 200 https://registry.npmjs.org/@img%2fsharp-darwin-arm64 34ms (cache miss)
239 silly packumentCache full:https://registry.npmjs.org/@img%2fsharp-darwin-arm64 set size:undefined disposed:false
240 silly fetch manifest @img/sharp-linux-riscv64@0.35.4
241 silly packumentCache full:https://registry.npmjs.org/@img%2fsharp-linux-riscv64 cache-miss
242 http fetch GET 200 https://registry.npmjs.org/@img%2fsharp-linux-riscv64 33ms (cache miss)
243 silly packumentCache full:https://registry.npmjs.org/@img%2fsharp-linux-riscv64 set size:undefined disposed:false
244 silly fetch manifest @img/sharp-linuxmusl-x64@0.35.4
245 silly packumentCache full:https://registry.npmjs.org/@img%2fsharp-linuxmusl-x64 cache-miss
246 http fetch GET 200 https://registry.npmjs.org/@img%2fsharp-linuxmusl-x64 48ms (cache miss)
247 silly packumentCache full:https://registry.npmjs.org/@img%2fsharp-linuxmusl-x64 set size:undefined disposed:false
248 silly fetch manifest @img/sharp-freebsd-wasm32@0.35.4
249 silly packumentCache full:https://registry.npmjs.org/@img%2fsharp-freebsd-wasm32 cache-miss
250 http fetch GET 200 https://registry.npmjs.org/@img%2fsharp-freebsd-wasm32 29ms (cache miss)
251 silly packumentCache full:https://registry.npmjs.org/@img%2fsharp-freebsd-wasm32 set size:undefined disposed:false
252 silly fetch manifest @img/sharp-linuxmusl-arm64@0.35.4
253 silly packumentCache full:https://registry.npmjs.org/@img%2fsharp-linuxmusl-arm64 cache-miss
254 http fetch GET 200 https://registry.npmjs.org/@img%2fsharp-linuxmusl-arm64 33ms (cache miss)
255 silly packumentCache full:https://registry.npmjs.org/@img%2fsharp-linuxmusl-arm64 set size:undefined disposed:false
256 silly fetch manifest @img/sharp-libvips-linux-arm@1.3.3
257 silly packumentCache full:https://registry.npmjs.org/@img%2fsharp-libvips-linux-arm cache-miss
258 http fetch GET 200 https://registry.npmjs.org/@img%2fsharp-libvips-linux-arm 40ms (cache miss)
259 silly packumentCache full:https://registry.npmjs.org/@img%2fsharp-libvips-linux-arm set size:undefined disposed:false
260 silly fetch manifest @img/sharp-libvips-linux-x64@1.3.3
261 silly packumentCache full:https://registry.npmjs.org/@img%2fsharp-libvips-linux-x64 cache-miss
262 http fetch GET 200 https://registry.npmjs.org/@img%2fsharp-libvips-linux-x64 34ms (cache miss)
263 silly packumentCache full:https://registry.npmjs.org/@img%2fsharp-libvips-linux-x64 set size:undefined disposed:false
264 silly fetch manifest @img/sharp-libvips-darwin-x64@1.3.3
265 silly packumentCache full:https://registry.npmjs.org/@img%2fsharp-libvips-darwin-x64 cache-miss
266 http fetch GET 200 https://registry.npmjs.org/@img%2fsharp-libvips-darwin-x64 34ms (cache miss)
267 silly packumentCache full:https://registry.npmjs.org/@img%2fsharp-libvips-darwin-x64 set size:undefined disposed:false
268 silly fetch manifest @img/sharp-libvips-linux-arm64@1.3.3
269 silly packumentCache full:https://registry.npmjs.org/@img%2fsharp-libvips-linux-arm64 cache-miss
270 http fetch GET 200 https://registry.npmjs.org/@img%2fsharp-libvips-linux-arm64 35ms (cache miss)
271 silly packumentCache full:https://registry.npmjs.org/@img%2fsharp-libvips-linux-arm64 set size:undefined disposed:false
272 silly fetch manifest @img/sharp-libvips-linux-ppc64@1.3.3
273 silly packumentCache full:https://registry.npmjs.org/@img%2fsharp-libvips-linux-ppc64 cache-miss
274 http fetch GET 200 https://registry.npmjs.org/@img%2fsharp-libvips-linux-ppc64 32ms (cache miss)
275 silly packumentCache full:https://registry.npmjs.org/@img%2fsharp-libvips-linux-ppc64 set size:undefined disposed:false
276 silly fetch manifest @img/sharp-libvips-linux-s390x@1.3.3
277 silly packumentCache full:https://registry.npmjs.org/@img%2fsharp-libvips-linux-s390x cache-miss
278 http fetch GET 200 https://registry.npmjs.org/@img%2fsharp-libvips-linux-s390x 32ms (cache miss)
279 silly packumentCache full:https://registry.npmjs.org/@img%2fsharp-libvips-linux-s390x set size:undefined disposed:false
280 silly fetch manifest @img/sharp-libvips-darwin-arm64@1.3.3
281 silly packumentCache full:https://registry.npmjs.org/@img%2fsharp-libvips-darwin-arm64 cache-miss
282 http fetch GET 200 https://registry.npmjs.org/@img%2fsharp-libvips-darwin-arm64 32ms (cache miss)
283 silly packumentCache full:https://registry.npmjs.org/@img%2fsharp-libvips-darwin-arm64 set size:undefined disposed:false
284 silly fetch manifest @img/sharp-webcontainers-wasm32@0.35.4
285 silly packumentCache full:https://registry.npmjs.org/@img%2fsharp-webcontainers-wasm32 cache-miss
286 http fetch GET 200 https://registry.npmjs.org/@img%2fsharp-webcontainers-wasm32 35ms (cache miss)
287 silly packumentCache full:https://registry.npmjs.org/@img%2fsharp-webcontainers-wasm32 set size:undefined disposed:false
288 silly fetch manifest @img/sharp-libvips-linux-riscv64@1.3.3
289 silly packumentCache full:https://registry.npmjs.org/@img%2fsharp-libvips-linux-riscv64 cache-miss
290 http fetch GET 200 https://registry.npmjs.org/@img%2fsharp-libvips-linux-riscv64 38ms (cache miss)
291 silly packumentCache full:https://registry.npmjs.org/@img%2fsharp-libvips-linux-riscv64 set size:undefined disposed:false
292 silly fetch manifest @img/sharp-libvips-linuxmusl-x64@1.3.3
293 silly packumentCache full:https://registry.npmjs.org/@img%2fsharp-libvips-linuxmusl-x64 cache-miss
294 http fetch GET 200 https://registry.npmjs.org/@img%2fsharp-libvips-linuxmusl-x64 46ms (cache miss)
295 silly packumentCache full:https://registry.npmjs.org/@img%2fsharp-libvips-linuxmusl-x64 set size:undefined disposed:false
296 silly fetch manifest @img/sharp-libvips-linuxmusl-arm64@1.3.3
297 silly packumentCache full:https://registry.npmjs.org/@img%2fsharp-libvips-linuxmusl-arm64 cache-miss
298 http fetch GET 200 https://registry.npmjs.org/@img%2fsharp-libvips-linuxmusl-arm64 38ms (cache miss)
299 silly packumentCache full:https://registry.npmjs.org/@img%2fsharp-libvips-linuxmusl-arm64 set size:undefined disposed:false
300 silly fetch manifest form-data@^4.0.6
301 silly packumentCache full:https://registry.npmjs.org/form-data cache-miss
302 http cache https://registry.npmjs.org/form-data 3ms (cache hit)
303 silly packumentCache full:https://registry.npmjs.org/form-data set size:153174 disposed:false
304 silly fetch manifest proxy-from-env@^2.1.0
305 silly packumentCache full:https://registry.npmjs.org/proxy-from-env cache-miss
306 http fetch GET 200 https://registry.npmjs.org/proxy-from-env 20ms (cache miss)
307 silly packumentCache full:https://registry.npmjs.org/proxy-from-env set size:undefined disposed:false
308 silly fetch manifest follow-redirects@^1.16.0
309 silly packumentCache full:https://registry.npmjs.org/follow-redirects cache-miss
310 http fetch GET 200 https://registry.npmjs.org/follow-redirects 27ms (cache miss)
311 silly packumentCache full:https://registry.npmjs.org/follow-redirects set size:undefined disposed:false
312 silly fetch manifest https-proxy-agent@^5.0.1
313 silly packumentCache full:https://registry.npmjs.org/https-proxy-agent cache-miss
314 http fetch GET 200 https://registry.npmjs.org/https-proxy-agent 22ms (cache miss)
315 silly packumentCache full:https://registry.npmjs.org/https-proxy-agent set size:undefined disposed:false
316 silly fetch manifest async@^0.2.9
317 silly packumentCache full:https://registry.npmjs.org/async cache-miss
318 http fetch GET 200 https://registry.npmjs.org/async 28ms (cache miss)
319 silly packumentCache full:https://registry.npmjs.org/async set size:undefined disposed:false
320 silly fetch manifest which@^1.1.1
321 silly packumentCache full:https://registry.npmjs.org/which cache-miss
322 http fetch GET 200 https://registry.npmjs.org/which 22ms (cache miss)
323 silly packumentCache full:https://registry.npmjs.org/which set size:undefined disposed:false
324 silly fetch manifest hasown@^2.0.4
325 silly packumentCache full:https://registry.npmjs.org/hasown cache-miss
326 http fetch GET 200 https://registry.npmjs.org/hasown 18ms (cache miss)
327 silly packumentCache full:https://registry.npmjs.org/hasown set size:undefined disposed:false
328 silly fetch manifest asynckit@^0.4.0
329 silly packumentCache full:https://registry.npmjs.org/asynckit cache-miss
330 http fetch GET 200 https://registry.npmjs.org/asynckit 19ms (cache miss)
331 silly packumentCache full:https://registry.npmjs.org/asynckit set size:undefined disposed:false
332 silly fetch manifest mime-types@^2.1.35
333 silly packumentCache full:https://registry.npmjs.org/mime-types cache-miss
334 http cache https://registry.npmjs.org/mime-types 2ms (cache hit)
335 silly packumentCache full:https://registry.npmjs.org/mime-types set size:139110 disposed:false
336 silly fetch manifest combined-stream@^1.0.8
337 silly packumentCache full:https://registry.npmjs.org/combined-stream cache-miss
338 http fetch GET 200 https://registry.npmjs.org/combined-stream 19ms (cache miss)
339 silly packumentCache full:https://registry.npmjs.org/combined-stream set size:undefined disposed:false
340 silly fetch manifest es-set-tostringtag@^2.1.0
341 silly packumentCache full:https://registry.npmjs.org/es-set-tostringtag cache-miss
342 http fetch GET 200 https://registry.npmjs.org/es-set-tostringtag 20ms (cache miss)
343 silly packumentCache full:https://registry.npmjs.org/es-set-tostringtag set size:undefined disposed:false
344 silly fetch manifest chalk@^4.1.2
345 silly packumentCache full:https://registry.npmjs.org/chalk cache-miss
346 http cache https://registry.npmjs.org/chalk 2ms (cache hit)
347 silly packumentCache full:https://registry.npmjs.org/chalk set size:134775 disposed:false
348 silly fetch manifest tinygradient@^1.1.5
349 silly packumentCache full:https://registry.npmjs.org/tinygradient cache-miss
350 http fetch GET 200 https://registry.npmjs.org/tinygradient 23ms (cache miss)
351 silly packumentCache full:https://registry.npmjs.org/tinygradient set size:undefined disposed:false
352 silly fetch manifest @jimp/core@1.6.1
353 silly packumentCache full:https://registry.npmjs.org/@jimp%2fcore cache-miss
354 http fetch GET 200 https://registry.npmjs.org/@jimp%2fcore 59ms (cache miss)
355 silly packumentCache full:https://registry.npmjs.org/@jimp%2fcore set size:undefined disposed:false
356 silly fetch manifest @jimp/diff@1.6.1
357 silly packumentCache full:https://registry.npmjs.org/@jimp%2fdiff cache-miss
358 http fetch GET 200 https://registry.npmjs.org/@jimp%2fdiff 44ms (cache miss)
359 silly packumentCache full:https://registry.npmjs.org/@jimp%2fdiff set size:undefined disposed:false
360 silly fetch manifest @jimp/js-bmp@1.6.1
361 silly packumentCache full:https://registry.npmjs.org/@jimp%2fjs-bmp cache-miss
362 http fetch GET 200 https://registry.npmjs.org/@jimp%2fjs-bmp 58ms (cache miss)
363 silly packumentCache full:https://registry.npmjs.org/@jimp%2fjs-bmp set size:undefined disposed:false
364 silly fetch manifest @jimp/js-gif@1.6.1
365 silly packumentCache full:https://registry.npmjs.org/@jimp%2fjs-gif cache-miss
366 http fetch GET 200 https://registry.npmjs.org/@jimp%2fjs-gif 38ms (cache miss)
367 silly packumentCache full:https://registry.npmjs.org/@jimp%2fjs-gif set size:undefined disposed:false
368 silly fetch manifest @jimp/js-jpeg@1.6.1
369 silly packumentCache full:https://registry.npmjs.org/@jimp%2fjs-jpeg cache-miss
370 http fetch GET 200 https://registry.npmjs.org/@jimp%2fjs-jpeg 32ms (cache miss)
371 silly packumentCache full:https://registry.npmjs.org/@jimp%2fjs-jpeg set size:undefined disposed:false
372 silly fetch manifest @jimp/js-png@1.6.1
373 silly packumentCache full:https://registry.npmjs.org/@jimp%2fjs-png cache-miss
374 http fetch GET 200 https://registry.npmjs.org/@jimp%2fjs-png 35ms (cache miss)
375 silly packumentCache full:https://registry.npmjs.org/@jimp%2fjs-png set size:undefined disposed:false
376 silly fetch manifest @jimp/js-tiff@1.6.1
377 silly packumentCache full:https://registry.npmjs.org/@jimp%2fjs-tiff cache-miss
378 http fetch GET 200 https://registry.npmjs.org/@jimp%2fjs-tiff 42ms (cache miss)
379 silly packumentCache full:https://registry.npmjs.org/@jimp%2fjs-tiff set size:undefined disposed:false
380 silly fetch manifest @jimp/plugin-blit@1.6.1
381 silly packumentCache full:https://registry.npmjs.org/@jimp%2fplugin-blit cache-miss
382 http fetch GET 200 https://registry.npmjs.org/@jimp%2fplugin-blit 69ms (cache miss)
383 silly packumentCache full:https://registry.npmjs.org/@jimp%2fplugin-blit set size:undefined disposed:false
384 silly fetch manifest @jimp/plugin-blur@1.6.1
385 silly packumentCache full:https://registry.npmjs.org/@jimp%2fplugin-blur cache-miss
386 http fetch GET 200 https://registry.npmjs.org/@jimp%2fplugin-blur 60ms (cache miss)
387 silly packumentCache full:https://registry.npmjs.org/@jimp%2fplugin-blur set size:undefined disposed:false
388 silly fetch manifest @jimp/plugin-circle@1.6.1
389 silly packumentCache full:https://registry.npmjs.org/@jimp%2fplugin-circle cache-miss
390 http fetch GET 200 https://registry.npmjs.org/@jimp%2fplugin-circle 63ms (cache miss)
391 silly packumentCache full:https://registry.npmjs.org/@jimp%2fplugin-circle set size:undefined disposed:false
392 silly fetch manifest @jimp/plugin-color@1.6.1
393 silly packumentCache full:https://registry.npmjs.org/@jimp%2fplugin-color cache-miss
394 http fetch GET 200 https://registry.npmjs.org/@jimp%2fplugin-color 66ms (cache miss)
395 silly packumentCache full:https://registry.npmjs.org/@jimp%2fplugin-color set size:undefined disposed:false
396 silly fetch manifest @jimp/plugin-contain@1.6.1
397 silly packumentCache full:https://registry.npmjs.org/@jimp%2fplugin-contain cache-miss
398 http fetch GET 200 https://registry.npmjs.org/@jimp%2fplugin-contain 67ms (cache miss)
399 silly packumentCache full:https://registry.npmjs.org/@jimp%2fplugin-contain set size:undefined disposed:false
400 silly fetch manifest @jimp/plugin-cover@1.6.1
401 silly packumentCache full:https://registry.npmjs.org/@jimp%2fplugin-cover cache-miss
402 http fetch GET 200 https://registry.npmjs.org/@jimp%2fplugin-cover 62ms (cache miss)
403 silly packumentCache full:https://registry.npmjs.org/@jimp%2fplugin-cover set size:undefined disposed:false
404 silly fetch manifest @jimp/plugin-crop@1.6.1
405 silly packumentCache full:https://registry.npmjs.org/@jimp%2fplugin-crop cache-miss
406 http fetch GET 200 https://registry.npmjs.org/@jimp%2fplugin-crop 65ms (cache miss)
407 silly packumentCache full:https://registry.npmjs.org/@jimp%2fplugin-crop set size:undefined disposed:false
408 silly fetch manifest @jimp/plugin-displace@1.6.1
409 silly packumentCache full:https://registry.npmjs.org/@jimp%2fplugin-displace cache-miss
410 http fetch GET 200 https://registry.npmjs.org/@jimp%2fplugin-displace 57ms (cache miss)
411 silly packumentCache full:https://registry.npmjs.org/@jimp%2fplugin-displace set size:undefined disposed:false
412 silly fetch manifest @jimp/plugin-dither@1.6.1
413 silly packumentCache full:https://registry.npmjs.org/@jimp%2fplugin-dither cache-miss
414 http fetch GET 200 https://registry.npmjs.org/@jimp%2fplugin-dither 58ms (cache miss)
415 silly packumentCache full:https://registry.npmjs.org/@jimp%2fplugin-dither set size:undefined disposed:false
416 silly fetch manifest @jimp/plugin-fisheye@1.6.1
417 silly packumentCache full:https://registry.npmjs.org/@jimp%2fplugin-fisheye cache-miss
418 http fetch GET 200 https://registry.npmjs.org/@jimp%2fplugin-fisheye 65ms (cache miss)
419 silly packumentCache full:https://registry.npmjs.org/@jimp%2fplugin-fisheye set size:undefined disposed:false
420 silly fetch manifest @jimp/plugin-flip@1.6.1
421 silly packumentCache full:https://registry.npmjs.org/@jimp%2fplugin-flip cache-miss
422 http fetch GET 200 https://registry.npmjs.org/@jimp%2fplugin-flip 64ms (cache miss)
423 silly packumentCache full:https://registry.npmjs.org/@jimp%2fplugin-flip set size:undefined disposed:false
424 silly fetch manifest @jimp/plugin-hash@1.6.1
425 silly packumentCache full:https://registry.npmjs.org/@jimp%2fplugin-hash cache-miss
426 http fetch GET 200 https://registry.npmjs.org/@jimp%2fplugin-hash 36ms (cache miss)
427 silly packumentCache full:https://registry.npmjs.org/@jimp%2fplugin-hash set size:undefined disposed:false
428 silly fetch manifest @jimp/plugin-mask@1.6.1
429 silly packumentCache full:https://registry.npmjs.org/@jimp%2fplugin-mask cache-miss
430 http fetch GET 200 https://registry.npmjs.org/@jimp%2fplugin-mask 61ms (cache miss)
431 silly packumentCache full:https://registry.npmjs.org/@jimp%2fplugin-mask set size:undefined disposed:false
432 silly fetch manifest @jimp/plugin-print@1.6.1
433 silly packumentCache full:https://registry.npmjs.org/@jimp%2fplugin-print cache-miss
434 http fetch GET 200 https://registry.npmjs.org/@jimp%2fplugin-print 62ms (cache miss)
435 silly packumentCache full:https://registry.npmjs.org/@jimp%2fplugin-print set size:undefined disposed:false
436 silly fetch manifest @jimp/plugin-quantize@1.6.1
437 silly packumentCache full:https://registry.npmjs.org/@jimp%2fplugin-quantize cache-miss
438 http fetch GET 200 https://registry.npmjs.org/@jimp%2fplugin-quantize 30ms (cache miss)
439 silly packumentCache full:https://registry.npmjs.org/@jimp%2fplugin-quantize set size:undefined disposed:false
440 silly fetch manifest @jimp/plugin-resize@1.6.1
441 silly packumentCache full:https://registry.npmjs.org/@jimp%2fplugin-resize cache-miss
442 http fetch GET 200 https://registry.npmjs.org/@jimp%2fplugin-resize 59ms (cache miss)
443 silly packumentCache full:https://registry.npmjs.org/@jimp%2fplugin-resize set size:undefined disposed:false
444 silly fetch manifest @jimp/plugin-rotate@1.6.1
445 silly packumentCache full:https://registry.npmjs.org/@jimp%2fplugin-rotate cache-miss
446 http fetch GET 200 https://registry.npmjs.org/@jimp%2fplugin-rotate 79ms (cache miss)
447 silly packumentCache full:https://registry.npmjs.org/@jimp%2fplugin-rotate set size:undefined disposed:false
448 silly fetch manifest @jimp/plugin-threshold@1.6.1
449 silly packumentCache full:https://registry.npmjs.org/@jimp%2fplugin-threshold cache-miss
450 http fetch GET 200 https://registry.npmjs.org/@jimp%2fplugin-threshold 59ms (cache miss)
451 silly packumentCache full:https://registry.npmjs.org/@jimp%2fplugin-threshold set size:undefined disposed:false
452 silly fetch manifest @jimp/types@1.6.1
453 silly packumentCache full:https://registry.npmjs.org/@jimp%2ftypes cache-miss
454 http fetch GET 200 https://registry.npmjs.org/@jimp%2ftypes 59ms (cache miss)
455 silly packumentCache full:https://registry.npmjs.org/@jimp%2ftypes set size:undefined disposed:false
456 silly fetch manifest @jimp/utils@1.6.1
457 silly packumentCache full:https://registry.npmjs.org/@jimp%2futils cache-miss
458 http fetch GET 200 https://registry.npmjs.org/@jimp%2futils 57ms (cache miss)
459 silly packumentCache full:https://registry.npmjs.org/@jimp%2futils set size:undefined disposed:false
460 silly fetch manifest mime-db@^1.54.0
461 silly packumentCache full:https://registry.npmjs.org/mime-db cache-miss
462 http fetch GET 200 https://registry.npmjs.org/mime-db 53ms (cache miss)
463 silly packumentCache full:https://registry.npmjs.org/mime-db set size:undefined disposed:false
464 silly fetch manifest clone@2.x
465 silly packumentCache full:https://registry.npmjs.org/clone cache-miss
466 http fetch GET 200 https://registry.npmjs.org/clone 22ms (cache miss)
467 silly packumentCache full:https://registry.npmjs.org/clone set size:undefined disposed:false
468 silly fetch manifest data-uri-to-buffer@^4.0.0
469 silly packumentCache full:https://registry.npmjs.org/data-uri-to-buffer cache-miss
470 http fetch GET 200 https://registry.npmjs.org/data-uri-to-buffer 22ms (cache miss)
471 silly packumentCache full:https://registry.npmjs.org/data-uri-to-buffer set size:undefined disposed:false
472 silly fetch manifest fetch-blob@^3.1.4
473 silly packumentCache full:https://registry.npmjs.org/fetch-blob cache-miss
474 http fetch GET 200 https://registry.npmjs.org/fetch-blob 26ms (cache miss)
475 silly packumentCache full:https://registry.npmjs.org/fetch-blob set size:undefined disposed:false
476 silly fetch manifest formdata-polyfill@^4.0.10
477 silly packumentCache full:https://registry.npmjs.org/formdata-polyfill cache-miss
478 http fetch GET 200 https://registry.npmjs.org/formdata-polyfill 26ms (cache miss)
479 silly packumentCache full:https://registry.npmjs.org/formdata-polyfill set size:undefined disposed:false
480 silly fetch manifest sonic-boom@^4.0.1
481 silly packumentCache full:https://registry.npmjs.org/sonic-boom cache-miss
482 http fetch GET 200 https://registry.npmjs.org/sonic-boom 30ms (cache miss)
483 silly packumentCache full:https://registry.npmjs.org/sonic-boom set size:undefined disposed:false
484 silly fetch manifest atomic-sleep@^1.0.0
485 silly packumentCache full:https://registry.npmjs.org/atomic-sleep cache-miss
486 http fetch GET 200 https://registry.npmjs.org/atomic-sleep 23ms (cache miss)
487 silly packumentCache full:https://registry.npmjs.org/atomic-sleep set size:undefined disposed:false
488 silly fetch manifest real-require@^0.2.0
489 silly packumentCache full:https://registry.npmjs.org/real-require cache-miss
490 http fetch GET 200 https://registry.npmjs.org/real-require 23ms (cache miss)
491 silly packumentCache full:https://registry.npmjs.org/real-require set size:undefined disposed:false
492 silly fetch manifest thread-stream@^4.0.0
493 silly packumentCache full:https://registry.npmjs.org/thread-stream cache-miss
494 http fetch GET 200 https://registry.npmjs.org/thread-stream 28ms (cache miss)
495 silly packumentCache full:https://registry.npmjs.org/thread-stream set size:undefined disposed:false
496 silly fetch manifest @pinojs/redact@^0.4.0
497 silly packumentCache full:https://registry.npmjs.org/@pinojs%2fredact cache-miss
498 http fetch GET 200 https://registry.npmjs.org/@pinojs%2fredact 30ms (cache miss)
499 silly packumentCache full:https://registry.npmjs.org/@pinojs%2fredact set size:undefined disposed:false
500 silly fetch manifest process-warning@^5.0.0
501 silly packumentCache full:https://registry.npmjs.org/process-warning cache-miss
502 http fetch GET 200 https://registry.npmjs.org/process-warning 21ms (cache miss)
503 silly packumentCache full:https://registry.npmjs.org/process-warning set size:undefined disposed:false
504 silly fetch manifest on-exit-leak-free@^2.1.0
505 silly packumentCache full:https://registry.npmjs.org/on-exit-leak-free cache-miss
506 http fetch GET 200 https://registry.npmjs.org/on-exit-leak-free 20ms (cache miss)
507 silly packumentCache full:https://registry.npmjs.org/on-exit-leak-free set size:undefined disposed:false
508 silly fetch manifest pino-std-serializers@^7.0.0
509 silly packumentCache full:https://registry.npmjs.org/pino-std-serializers cache-miss
510 http fetch GET 200 https://registry.npmjs.org/pino-std-serializers 23ms (cache miss)
511 silly packumentCache full:https://registry.npmjs.org/pino-std-serializers set size:undefined disposed:false
512 silly fetch manifest safe-stable-stringify@^2.3.1
513 silly packumentCache full:https://registry.npmjs.org/safe-stable-stringify cache-miss
514 http fetch GET 200 https://registry.npmjs.org/safe-stable-stringify 26ms (cache miss)
515 silly packumentCache full:https://registry.npmjs.org/safe-stable-stringify set size:undefined disposed:false
516 silly fetch manifest quick-format-unescaped@^4.0.3
517 silly packumentCache full:https://registry.npmjs.org/quick-format-unescaped cache-miss
518 http fetch GET 200 https://registry.npmjs.org/quick-format-unescaped 38ms (cache miss)
519 silly packumentCache full:https://registry.npmjs.org/quick-format-unescaped set size:undefined disposed:false
520 silly fetch manifest pino-abstract-transport@^3.0.0
521 silly packumentCache full:https://registry.npmjs.org/pino-abstract-transport cache-miss
522 http fetch GET 200 https://registry.npmjs.org/pino-abstract-transport 27ms (cache miss)
523 silly packumentCache full:https://registry.npmjs.org/pino-abstract-transport set size:undefined disposed:false
524 silly fetch manifest pngjs@^5.0.0
525 silly packumentCache full:https://registry.npmjs.org/pngjs cache-miss
526 http fetch GET 200 https://registry.npmjs.org/pngjs 23ms (cache miss)
527 silly packumentCache full:https://registry.npmjs.org/pngjs set size:undefined disposed:false
528 silly fetch manifest yargs@^15.3.1
529 silly packumentCache full:https://registry.npmjs.org/yargs cache-miss
530 http fetch GET 200 https://registry.npmjs.org/yargs 44ms (cache miss)
531 silly packumentCache full:https://registry.npmjs.org/yargs set size:undefined disposed:false
532 silly fetch manifest dijkstrajs@^1.0.1
533 silly packumentCache full:https://registry.npmjs.org/dijkstrajs cache-miss
534 http fetch GET 200 https://registry.npmjs.org/dijkstrajs 20ms (cache miss)
535 silly packumentCache full:https://registry.npmjs.org/dijkstrajs set size:undefined disposed:false
536 silly fetch manifest acorn-node@^1.2.0
537 silly packumentCache full:https://registry.npmjs.org/acorn-node cache-miss
538 http fetch GET 200 https://registry.npmjs.org/acorn-node 196ms (cache miss)
539 silly packumentCache full:https://registry.npmjs.org/acorn-node set size:undefined disposed:false
540 silly fetch manifest async.parallellimit@~0.5.2
541 silly packumentCache full:https://registry.npmjs.org/async.parallellimit cache-miss
542 http fetch GET 200 https://registry.npmjs.org/async.parallellimit 21ms (cache miss)
543 silly packumentCache full:https://registry.npmjs.org/async.parallellimit set size:undefined disposed:false
544 silly fetch manifest cheerio@^1.0.0-rc.10
545 silly packumentCache full:https://registry.npmjs.org/cheerio cache-miss
546 http fetch GET 200 https://registry.npmjs.org/cheerio 28ms (cache miss)
547 silly packumentCache full:https://registry.npmjs.org/cheerio set size:undefined disposed:false
548 silly fetch manifest dasu@~0.4.3
549 silly packumentCache full:https://registry.npmjs.org/dasu cache-miss
550 http fetch GET 200 https://registry.npmjs.org/dasu 23ms (cache miss)
551 silly packumentCache full:https://registry.npmjs.org/dasu set size:undefined disposed:false
552 silly fetch manifest boolstring@~2.0.1
553 silly packumentCache full:https://registry.npmjs.org/boolstring cache-miss
554 http fetch GET 200 https://registry.npmjs.org/boolstring 21ms (cache miss)
555 silly packumentCache full:https://registry.npmjs.org/boolstring set size:undefined disposed:false
556 silly fetch manifest human-time@0.0.2
557 silly packumentCache full:https://registry.npmjs.org/human-time cache-miss
558 http fetch GET 200 https://registry.npmjs.org/human-time 20ms (cache miss)
559 silly packumentCache full:https://registry.npmjs.org/human-time set size:undefined disposed:false
560 silly fetch manifest jsonpath-plus@~10.3.0
561 silly packumentCache full:https://registry.npmjs.org/jsonpath-plus cache-miss
562 http fetch GET 200 https://registry.npmjs.org/jsonpath-plus 30ms (cache miss)
563 silly packumentCache full:https://registry.npmjs.org/jsonpath-plus set size:undefined disposed:false
564 silly fetch manifest minimist@~1.2.5
565 silly packumentCache full:https://registry.npmjs.org/minimist cache-miss
566 http fetch GET 200 https://registry.npmjs.org/minimist 22ms (cache miss)
567 silly packumentCache full:https://registry.npmjs.org/minimist set size:undefined disposed:false
568 silly fetch manifest node-fzf@~0.14.0
569 silly packumentCache full:https://registry.npmjs.org/node-fzf cache-miss
570 http fetch GET 200 https://registry.npmjs.org/node-fzf 30ms (cache miss)
571 silly packumentCache full:https://registry.npmjs.org/node-fzf set size:undefined disposed:false
572 silly placeDep ROOT @hapi/hoek@11.0.7 OK for: @hapi/boom@10.0.1 want: ^11.0.2
573 silly fetch manifest bufferutil@^4.0.1
574 silly packumentCache full:https://registry.npmjs.org/bufferutil cache-miss
575 http fetch GET 200 https://registry.npmjs.org/bufferutil 24ms (cache miss)
576 silly packumentCache full:https://registry.npmjs.org/bufferutil set size:undefined disposed:false
577 silly fetch manifest utf-8-validate@>=5.0.2
578 silly packumentCache full:https://registry.npmjs.org/utf-8-validate cache-miss
579 http fetch GET 200 https://registry.npmjs.org/utf-8-validate 25ms (cache miss)
580 silly packumentCache full:https://registry.npmjs.org/utf-8-validate set size:undefined disposed:false
581 silly placeDep ROOT @cacheable/node-cache@1.7.6 OK for: yo-soy-yo-baileys@0.7.14 want: ^1.4.0
582 silly placeDep node_modules/@whiskeysockets/baileys @hapi/boom@9.1.4 OK for: yo-soy-yo-baileys@0.7.14 want: ^9.1.3
583 silly placeDep ROOT async-mutex@0.5.0 OK for: yo-soy-yo-baileys@0.7.14 want: ^0.5.0
584 silly placeDep ROOT fflate@0.8.3 OK for: yo-soy-yo-baileys@0.7.14 want: ^0.8.0
585 silly placeDep ROOT libsignal@6.0.0 OK for: yo-soy-yo-baileys@0.7.14 want: git+https://github.com/whiskeysockets/libsignal-node
586 silly placeDep ROOT lru-cache@11.5.2 OK for: yo-soy-yo-baileys@0.7.14 want: ^11.1.0
587 silly placeDep ROOT music-metadata@11.15.0 OK for: yo-soy-yo-baileys@0.7.14 want: ^11.7.0
588 silly placeDep ROOT p-queue@9.3.3 OK for: yo-soy-yo-baileys@0.7.14 want: ^9.0.0
589 silly placeDep node_modules/@whiskeysockets/baileys pino@9.14.0 OK for: yo-soy-yo-baileys@0.7.14 want: ^9.6
590 silly placeDep ROOT protobufjs@7.6.6 OK for: yo-soy-yo-baileys@0.7.14 want: ^7.2.4
591 silly placeDep ROOT whatsapp-rust-bridge@0.5.2 OK for: yo-soy-yo-baileys@0.7.14 want: 0.5.2
592 silly placeDep ROOT ws@8.21.3 OK for: yo-soy-yo-baileys@0.7.14 want: ^8.13.0
593 silly fetch manifest keyv@^5.5.5
594 silly packumentCache full:https://registry.npmjs.org/keyv cache-miss
595 http fetch GET 200 https://registry.npmjs.org/keyv 28ms (cache miss)
596 silly packumentCache full:https://registry.npmjs.org/keyv set size:undefined disposed:false
597 silly fetch manifest cacheable@^2.3.1
598 silly packumentCache full:https://registry.npmjs.org/cacheable cache-miss
599 http fetch GET 200 https://registry.npmjs.org/cacheable 27ms (cache miss)
600 silly packumentCache full:https://registry.npmjs.org/cacheable set size:undefined disposed:false
601 silly fetch manifest hookified@^1.14.0
602 silly packumentCache full:https://registry.npmjs.org/hookified cache-miss
603 http fetch GET 200 https://registry.npmjs.org/hookified 26ms (cache miss)
604 silly packumentCache full:https://registry.npmjs.org/hookified set size:undefined disposed:false
605 silly fetch manifest @hapi/hoek@9.x.x
606 silly packumentCache full:https://registry.npmjs.org/@hapi%2fhoek cache-miss
607 http cache https://registry.npmjs.org/@hapi%2fhoek 4ms (cache hit)
608 silly packumentCache full:https://registry.npmjs.org/@hapi%2fhoek set size:122440 disposed:false
609 silly fetch manifest tslib@^2.4.0
610 silly packumentCache full:https://registry.npmjs.org/tslib cache-miss
611 http fetch GET 200 https://registry.npmjs.org/tslib 26ms (cache miss)
612 silly packumentCache full:https://registry.npmjs.org/tslib set size:undefined disposed:false
613 silly fetch manifest curve25519-js@^0.0.4
614 silly packumentCache full:https://registry.npmjs.org/curve25519-js cache-miss
615 http fetch GET 200 https://registry.npmjs.org/curve25519-js 23ms (cache miss)
616 silly packumentCache full:https://registry.npmjs.org/curve25519-js set size:undefined disposed:false
617 silly fetch manifest protobufjs@^7.5.5
618 silly packumentCache full:https://registry.npmjs.org/protobufjs cache-miss
619 http cache https://registry.npmjs.org/protobufjs 4ms (cache hit)
620 silly packumentCache full:https://registry.npmjs.org/protobufjs set size:760935 disposed:false
621 silly fetch manifest debug@^4.4.3
622 silly packumentCache full:https://registry.npmjs.org/debug cache-miss
623 http fetch GET 200 https://registry.npmjs.org/debug 41ms (cache miss)
624 silly packumentCache full:https://registry.npmjs.org/debug set size:undefined disposed:false
625 silly fetch manifest strtok3@^10.3.5
626 silly packumentCache full:https://registry.npmjs.org/strtok3 cache-miss
627 http fetch GET 200 https://registry.npmjs.org/strtok3 40ms (cache miss)
628 silly packumentCache full:https://registry.npmjs.org/strtok3 set size:undefined disposed:false
629 silly fetch manifest win-guid@^0.2.1
630 silly packumentCache full:https://registry.npmjs.org/win-guid cache-miss
631 http fetch GET 200 https://registry.npmjs.org/win-guid 29ms (cache miss)
632 silly packumentCache full:https://registry.npmjs.org/win-guid set size:undefined disposed:false
633 silly fetch manifest file-type@^21.3.4
634 silly packumentCache full:https://registry.npmjs.org/file-type cache-miss
635 http fetch GET 200 https://registry.npmjs.org/file-type 36ms (cache miss)
636 silly packumentCache full:https://registry.npmjs.org/file-type set size:undefined disposed:false
637 silly fetch manifest media-typer@^2.0.0
638 silly packumentCache full:https://registry.npmjs.org/media-typer cache-miss
639 http fetch GET 200 https://registry.npmjs.org/media-typer 22ms (cache miss)
640 silly packumentCache full:https://registry.npmjs.org/media-typer set size:undefined disposed:false
641 silly fetch manifest token-types@^6.1.2
642 silly packumentCache full:https://registry.npmjs.org/token-types cache-miss
643 http fetch GET 200 https://registry.npmjs.org/token-types 27ms (cache miss)
644 silly packumentCache full:https://registry.npmjs.org/token-types set size:undefined disposed:false
645 silly fetch manifest content-type@^2.1.0
646 silly packumentCache full:https://registry.npmjs.org/content-type cache-miss
647 http fetch GET 200 https://registry.npmjs.org/content-type 19ms (cache miss)
648 silly packumentCache full:https://registry.npmjs.org/content-type set size:undefined disposed:false
649 silly fetch manifest @tokenizer/token@^0.3.0
650 silly packumentCache full:https://registry.npmjs.org/@tokenizer%2ftoken cache-miss
651 http fetch GET 200 https://registry.npmjs.org/@tokenizer%2ftoken 31ms (cache miss)
652 silly packumentCache full:https://registry.npmjs.org/@tokenizer%2ftoken set size:undefined disposed:false
653 silly fetch manifest uint8array-extras@^1.5.0
654 silly packumentCache full:https://registry.npmjs.org/uint8array-extras cache-miss
655 http fetch GET 200 https://registry.npmjs.org/uint8array-extras 23ms (cache miss)
656 silly packumentCache full:https://registry.npmjs.org/uint8array-extras set size:undefined disposed:false
657 silly fetch manifest @borewit/text-codec@^0.2.2
658 silly packumentCache full:https://registry.npmjs.org/@borewit%2ftext-codec cache-miss
659 http fetch GET 200 https://registry.npmjs.org/@borewit%2ftext-codec 28ms (cache miss)
660 silly packumentCache full:https://registry.npmjs.org/@borewit%2ftext-codec set size:undefined disposed:false
661 silly fetch manifest eventemitter3@^5.0.4
662 silly packumentCache full:https://registry.npmjs.org/eventemitter3 cache-miss
663 http fetch GET 200 https://registry.npmjs.org/eventemitter3 24ms (cache miss)
664 silly packumentCache full:https://registry.npmjs.org/eventemitter3 set size:undefined disposed:false
665 silly fetch manifest p-timeout@^7.0.0
666 silly packumentCache full:https://registry.npmjs.org/p-timeout cache-miss
667 http fetch GET 200 https://registry.npmjs.org/p-timeout 27ms (cache miss)
668 silly packumentCache full:https://registry.npmjs.org/p-timeout set size:undefined disposed:false
669 silly fetch manifest thread-stream@^3.0.0
670 silly packumentCache full:https://registry.npmjs.org/thread-stream cache-miss
671 http cache https://registry.npmjs.org/thread-stream 3ms (cache hit)
672 silly packumentCache full:https://registry.npmjs.org/thread-stream set size:131270 disposed:false
673 silly fetch manifest pino-abstract-transport@^2.0.0
674 silly packumentCache full:https://registry.npmjs.org/pino-abstract-transport cache-miss
675 http cache https://registry.npmjs.org/pino-abstract-transport 2ms (cache hit)
676 silly packumentCache full:https://registry.npmjs.org/pino-abstract-transport set size:28649 disposed:false
677 silly fetch manifest long@^5.3.2
678 silly packumentCache full:https://registry.npmjs.org/long cache-miss
679 http fetch GET 200 https://registry.npmjs.org/long 22ms (cache miss)
680 silly packumentCache full:https://registry.npmjs.org/long set size:undefined disposed:false
681 silly fetch manifest @types/node@>=13.7.0
682 silly packumentCache full:https://registry.npmjs.org/@types%2fnode cache-miss
683 http fetch GET 200 https://registry.npmjs.org/@types%2fnode 204ms (cache miss)
684 silly packumentCache full:https://registry.npmjs.org/@types%2fnode set size:undefined disposed:false
685 silly fetch manifest @protobufjs/path@^1.1.2
686 silly packumentCache full:https://registry.npmjs.org/@protobufjs%2fpath cache-miss
687 http fetch GET 200 https://registry.npmjs.org/@protobufjs%2fpath 30ms (cache miss)
688 silly packumentCache full:https://registry.npmjs.org/@protobufjs%2fpath set size:undefined disposed:false
689 silly fetch manifest @protobufjs/pool@^1.1.0
690 silly packumentCache full:https://registry.npmjs.org/@protobufjs%2fpool cache-miss
691 http fetch GET 200 https://registry.npmjs.org/@protobufjs%2fpool 32ms (cache miss)
692 silly packumentCache full:https://registry.npmjs.org/@protobufjs%2fpool set size:undefined disposed:false
693 silly fetch manifest @protobufjs/utf8@^1.1.1
694 silly packumentCache full:https://registry.npmjs.org/@protobufjs%2futf8 cache-miss
695 http fetch GET 200 https://registry.npmjs.org/@protobufjs%2futf8 30ms (cache miss)
696 silly packumentCache full:https://registry.npmjs.org/@protobufjs%2futf8 set size:undefined disposed:false
697 silly fetch manifest @protobufjs/fetch@^1.1.1
698 silly packumentCache full:https://registry.npmjs.org/@protobufjs%2ffetch cache-miss
699 http fetch GET 200 https://registry.npmjs.org/@protobufjs%2ffetch 27ms (cache miss)
700 silly packumentCache full:https://registry.npmjs.org/@protobufjs%2ffetch set size:undefined disposed:false
701 silly fetch manifest @protobufjs/float@^1.0.2
702 silly packumentCache full:https://registry.npmjs.org/@protobufjs%2ffloat cache-miss
703 http fetch GET 200 https://registry.npmjs.org/@protobufjs%2ffloat 32ms (cache miss)
704 silly packumentCache full:https://registry.npmjs.org/@protobufjs%2ffloat set size:undefined disposed:false
705 silly fetch manifest @protobufjs/base64@^1.1.2
706 silly packumentCache full:https://registry.npmjs.org/@protobufjs%2fbase64 cache-miss
707 http fetch GET 200 https://registry.npmjs.org/@protobufjs%2fbase64 27ms (cache miss)
708 silly packumentCache full:https://registry.npmjs.org/@protobufjs%2fbase64 set size:undefined disposed:false
709 silly fetch manifest @protobufjs/codegen@^2.0.5
710 silly packumentCache full:https://registry.npmjs.org/@protobufjs%2fcodegen cache-miss
711 http fetch GET 200 https://registry.npmjs.org/@protobufjs%2fcodegen 45ms (cache miss)
712 silly packumentCache full:https://registry.npmjs.org/@protobufjs%2fcodegen set size:undefined disposed:false
713 silly fetch manifest @protobufjs/aspromise@^1.1.2
714 silly packumentCache full:https://registry.npmjs.org/@protobufjs%2faspromise cache-miss
715 http fetch GET 200 https://registry.npmjs.org/@protobufjs%2faspromise 38ms (cache miss)
716 silly packumentCache full:https://registry.npmjs.org/@protobufjs%2faspromise set size:undefined disposed:false
717 silly fetch manifest @protobufjs/eventemitter@^1.1.1
718 silly packumentCache full:https://registry.npmjs.org/@protobufjs%2feventemitter cache-miss
719 http fetch GET 200 https://registry.npmjs.org/@protobufjs%2feventemitter 29ms (cache miss)
720 silly packumentCache full:https://registry.npmjs.org/@protobufjs%2feventemitter set size:undefined disposed:false
721 silly placeDep ROOT cacheable@2.5.0 OK for: @cacheable/node-cache@1.7.6 want: ^2.3.1
722 silly placeDep ROOT hookified@1.15.1 OK for: @cacheable/node-cache@1.7.6 want: ^1.14.0
723 silly placeDep ROOT keyv@5.6.0 OK for: @cacheable/node-cache@1.7.6 want: ^5.5.5
724 silly fetch manifest keyv@^5.6.0
725 silly packumentCache full:https://registry.npmjs.org/keyv cache-miss
726 http cache https://registry.npmjs.org/keyv 3ms (cache hit)
727 silly packumentCache full:https://registry.npmjs.org/keyv set size:227033 disposed:false
728 silly fetch manifest qified@^0.10.1
729 silly packumentCache full:https://registry.npmjs.org/qified cache-miss
730 http fetch GET 200 https://registry.npmjs.org/qified 22ms (cache miss)
731 silly packumentCache full:https://registry.npmjs.org/qified set size:undefined disposed:false
732 silly fetch manifest hookified@^1.15.0
733 silly packumentCache full:https://registry.npmjs.org/hookified cache-miss
734 http cache https://registry.npmjs.org/hookified 5ms (cache hit)
735 silly packumentCache full:https://registry.npmjs.org/hookified set size:164181 disposed:false
736 silly fetch manifest @cacheable/utils@^2.5.0
737 silly packumentCache full:https://registry.npmjs.org/@cacheable%2futils cache-miss
738 http fetch GET 200 https://registry.npmjs.org/@cacheable%2futils 33ms (cache miss)
739 silly packumentCache full:https://registry.npmjs.org/@cacheable%2futils set size:undefined disposed:false
740 silly fetch manifest @cacheable/memory@^2.2.0
741 silly packumentCache full:https://registry.npmjs.org/@cacheable%2fmemory cache-miss
742 http fetch GET 200 https://registry.npmjs.org/@cacheable%2fmemory 32ms (cache miss)
743 silly packumentCache full:https://registry.npmjs.org/@cacheable%2fmemory set size:undefined disposed:false
744 silly fetch manifest @keyv/serialize@^1.1.1
745 silly packumentCache full:https://registry.npmjs.org/@keyv%2fserialize cache-miss
746 http fetch GET 200 https://registry.npmjs.org/@keyv%2fserialize 28ms (cache miss)
747 silly packumentCache full:https://registry.npmjs.org/@keyv%2fserialize set size:undefined disposed:false
748 silly placeDep ROOT tslib@2.8.1 OK for: async-mutex@0.5.0 want: ^2.4.0
749 silly placeDep ROOT follow-redirects@1.16.0 OK for: axios@1.20.0 want: ^1.16.0
750 silly placeDep ROOT https-proxy-agent@5.0.1 OK for: axios@1.20.0 want: ^5.0.1
751 silly placeDep ROOT proxy-from-env@2.1.0 OK for: axios@1.20.0 want: ^2.1.0
752 silly fetch manifest debug@4
753 silly packumentCache full:https://registry.npmjs.org/debug cache-miss
754 http cache https://registry.npmjs.org/debug 2ms (cache hit)
755 silly packumentCache full:https://registry.npmjs.org/debug set size:195840 disposed:false
756 silly fetch manifest agent-base@6
757 silly packumentCache full:https://registry.npmjs.org/agent-base cache-miss
758 http fetch GET 200 https://registry.npmjs.org/agent-base 20ms (cache miss)
759 silly packumentCache full:https://registry.npmjs.org/agent-base set size:undefined disposed:false
760 silly placeDep ROOT @cacheable/memory@2.2.0 OK for: cacheable@2.5.0 want: ^2.2.0
761 silly placeDep ROOT @cacheable/utils@2.5.0 OK for: cacheable@2.5.0 want: ^2.5.0
762 silly placeDep ROOT qified@0.10.1 OK for: cacheable@2.5.0 want: ^0.10.1
763 silly fetch manifest @keyv/bigmap@^1.3.1
764 silly packumentCache full:https://registry.npmjs.org/@keyv%2fbigmap cache-miss
765 http fetch GET 200 https://registry.npmjs.org/@keyv%2fbigmap 36ms (cache miss)
766 silly packumentCache full:https://registry.npmjs.org/@keyv%2fbigmap set size:undefined disposed:false
767 silly fetch manifest hashery@^1.5.1
768 silly packumentCache full:https://registry.npmjs.org/hashery cache-miss
769 http fetch GET 200 https://registry.npmjs.org/hashery 22ms (cache miss)
770 silly packumentCache full:https://registry.npmjs.org/hashery set size:undefined disposed:false
771 silly fetch manifest hookified@^2.1.1
772 silly packumentCache full:https://registry.npmjs.org/hookified cache-hit
773 silly placeDep ROOT @keyv/bigmap@1.3.1 OK for: @cacheable/memory@2.2.0 want: ^1.3.1
774 silly fetch manifest hashery@^1.4.0
775 silly packumentCache full:https://registry.npmjs.org/hashery cache-miss
776 http cache https://registry.npmjs.org/hashery 2ms (cache hit)
777 silly packumentCache full:https://registry.npmjs.org/hashery set size:29616 disposed:false
778 silly placeDep ROOT hashery@1.5.1 OK for: @cacheable/utils@2.5.0 want: ^1.5.1
779 silly placeDep ROOT async@0.2.10 OK for: fluent-ffmpeg@2.1.3 want: ^0.2.9
780 silly placeDep ROOT which@1.3.1 OK for: fluent-ffmpeg@2.1.3 want: ^1.1.1
781 silly fetch manifest isexe@^2.0.0
782 silly packumentCache full:https://registry.npmjs.org/isexe cache-miss
783 http fetch GET 200 https://registry.npmjs.org/isexe 17ms (cache miss)
784 silly packumentCache full:https://registry.npmjs.org/isexe set size:undefined disposed:false
785 silly placeDep ROOT asynckit@0.4.0 OK for: form-data@4.0.6 want: ^0.4.0
786 silly placeDep ROOT combined-stream@1.0.8 OK for: form-data@4.0.6 want: ^1.0.8
787 silly placeDep ROOT es-set-tostringtag@2.1.0 OK for: form-data@4.0.6 want: ^2.1.0
788 silly placeDep ROOT hasown@2.0.4 OK for: form-data@4.0.6 want: ^2.0.4
789 silly placeDep node_modules/form-data mime-types@2.1.35 OK for: form-data@4.0.6 want: ^2.1.35
790 silly fetch manifest delayed-stream@~1.0.0
791 silly packumentCache full:https://registry.npmjs.org/delayed-stream cache-miss
792 http fetch GET 200 https://registry.npmjs.org/delayed-stream 29ms (cache miss)
793 silly packumentCache full:https://registry.npmjs.org/delayed-stream set size:undefined disposed:false
794 silly fetch manifest es-errors@^1.3.0
795 silly packumentCache full:https://registry.npmjs.org/es-errors cache-miss
796 http fetch GET 200 https://registry.npmjs.org/es-errors 18ms (cache miss)
797 silly packumentCache full:https://registry.npmjs.org/es-errors set size:undefined disposed:false
798 silly fetch manifest get-intrinsic@^1.2.6
799 silly packumentCache full:https://registry.npmjs.org/get-intrinsic cache-miss
800 http fetch GET 200 https://registry.npmjs.org/get-intrinsic 19ms (cache miss)
801 silly packumentCache full:https://registry.npmjs.org/get-intrinsic set size:undefined disposed:false
802 silly fetch manifest has-tostringtag@^1.0.2
803 silly packumentCache full:https://registry.npmjs.org/has-tostringtag cache-miss
804 http fetch GET 200 https://registry.npmjs.org/has-tostringtag 19ms (cache miss)
805 silly packumentCache full:https://registry.npmjs.org/has-tostringtag set size:undefined disposed:false
806 silly fetch manifest hasown@^2.0.2
807 silly packumentCache full:https://registry.npmjs.org/hasown cache-miss
808 http cache https://registry.npmjs.org/hasown 2ms (cache hit)
809 silly packumentCache full:https://registry.npmjs.org/hasown set size:18361 disposed:false
810 silly fetch manifest function-bind@^1.1.2
811 silly packumentCache full:https://registry.npmjs.org/function-bind cache-miss
812 http fetch GET 200 https://registry.npmjs.org/function-bind 19ms (cache miss)
813 silly packumentCache full:https://registry.npmjs.org/function-bind set size:undefined disposed:false
814 silly fetch manifest mime-db@1.52.0
815 silly packumentCache full:https://registry.npmjs.org/mime-db cache-miss
816 http cache https://registry.npmjs.org/mime-db 2ms (cache hit)
817 silly packumentCache full:https://registry.npmjs.org/mime-db set size:164953 disposed:false
818 silly placeDep ROOT delayed-stream@1.0.0 OK for: combined-stream@1.0.8 want: ~1.0.0
819 silly placeDep ROOT es-errors@1.3.0 OK for: es-set-tostringtag@2.1.0 want: ^1.3.0
820 silly placeDep ROOT get-intrinsic@1.3.0 OK for: es-set-tostringtag@2.1.0 want: ^1.2.6
821 silly placeDep ROOT has-tostringtag@1.0.2 OK for: es-set-tostringtag@2.1.0 want: ^1.0.2
822 silly fetch manifest gopd@^1.2.0
823 silly packumentCache full:https://registry.npmjs.org/gopd cache-miss
824 http fetch GET 200 https://registry.npmjs.org/gopd 18ms (cache miss)
825 silly packumentCache full:https://registry.npmjs.org/gopd set size:undefined disposed:false
826 silly fetch manifest get-proto@^1.0.1
827 silly packumentCache full:https://registry.npmjs.org/get-proto cache-miss
828 http fetch GET 200 https://registry.npmjs.org/get-proto 22ms (cache miss)
829 silly packumentCache full:https://registry.npmjs.org/get-proto set size:undefined disposed:false
830 silly fetch manifest has-symbols@^1.1.0
831 silly packumentCache full:https://registry.npmjs.org/has-symbols cache-miss
832 http fetch GET 200 https://registry.npmjs.org/has-symbols 19ms (cache miss)
833 silly packumentCache full:https://registry.npmjs.org/has-symbols set size:undefined disposed:false
834 silly fetch manifest es-object-atoms@^1.1.1
835 silly packumentCache full:https://registry.npmjs.org/es-object-atoms cache-miss
836 http fetch GET 200 https://registry.npmjs.org/es-object-atoms 20ms (cache miss)
837 silly packumentCache full:https://registry.npmjs.org/es-object-atoms set size:undefined disposed:false
838 silly fetch manifest math-intrinsics@^1.1.0
839 silly packumentCache full:https://registry.npmjs.org/math-intrinsics cache-miss
840 http fetch GET 200 https://registry.npmjs.org/math-intrinsics 18ms (cache miss)
841 silly packumentCache full:https://registry.npmjs.org/math-intrinsics set size:undefined disposed:false
842 silly fetch manifest es-define-property@^1.0.1
843 silly packumentCache full:https://registry.npmjs.org/es-define-property cache-miss
844 http fetch GET 200 https://registry.npmjs.org/es-define-property 23ms (cache miss)
845 silly packumentCache full:https://registry.npmjs.org/es-define-property set size:undefined disposed:false
846 silly fetch manifest call-bind-apply-helpers@^1.0.2
847 silly packumentCache full:https://registry.npmjs.org/call-bind-apply-helpers cache-miss
848 http fetch GET 200 https://registry.npmjs.org/call-bind-apply-helpers 19ms (cache miss)
849 silly packumentCache full:https://registry.npmjs.org/call-bind-apply-helpers set size:undefined disposed:false
850 silly fetch manifest has-symbols@^1.0.3
851 silly packumentCache full:https://registry.npmjs.org/has-symbols cache-miss
852 http cache https://registry.npmjs.org/has-symbols 2ms (cache hit)
853 silly packumentCache full:https://registry.npmjs.org/has-symbols set size:21550 disposed:false
854 silly placeDep ROOT call-bind-apply-helpers@1.0.2 OK for: get-intrinsic@1.3.0 want: ^1.0.2
855 silly placeDep ROOT es-define-property@1.0.1 OK for: get-intrinsic@1.3.0 want: ^1.0.1
856 silly placeDep ROOT es-object-atoms@1.1.2 OK for: get-intrinsic@1.3.0 want: ^1.1.1
857 silly placeDep ROOT function-bind@1.1.2 OK for: get-intrinsic@1.3.0 want: ^1.1.2
858 silly placeDep ROOT get-proto@1.0.1 OK for: get-intrinsic@1.3.0 want: ^1.0.1
859 silly placeDep ROOT gopd@1.2.0 OK for: get-intrinsic@1.3.0 want: ^1.2.0
860 silly placeDep ROOT has-symbols@1.1.0 OK for: get-intrinsic@1.3.0 want: ^1.1.0
861 silly placeDep ROOT math-intrinsics@1.1.0 OK for: get-intrinsic@1.3.0 want: ^1.1.0
862 silly fetch manifest dunder-proto@^1.0.1
863 silly packumentCache full:https://registry.npmjs.org/dunder-proto cache-miss
864 http fetch GET 200 https://registry.npmjs.org/dunder-proto 20ms (cache miss)
865 silly packumentCache full:https://registry.npmjs.org/dunder-proto set size:undefined disposed:false
866 silly placeDep ROOT dunder-proto@1.0.1 OK for: get-proto@1.0.1 want: ^1.0.1
867 silly placeDep node_modules/gradient-string chalk@4.1.2 OK for: gradient-string@2.0.2 want: ^4.1.2
868 silly placeDep ROOT tinygradient@1.1.5 OK for: gradient-string@2.0.2 want: ^1.1.5
869 silly fetch manifest ansi-styles@^4.1.0
870 silly packumentCache full:https://registry.npmjs.org/ansi-styles cache-miss
871 http fetch GET 200 https://registry.npmjs.org/ansi-styles 21ms (cache miss)
872 silly packumentCache full:https://registry.npmjs.org/ansi-styles set size:undefined disposed:false
873 silly fetch manifest supports-color@^7.1.0
874 silly packumentCache full:https://registry.npmjs.org/supports-color cache-miss
875 http fetch GET 200 https://registry.npmjs.org/supports-color 22ms (cache miss)
876 silly packumentCache full:https://registry.npmjs.org/supports-color set size:undefined disposed:false
877 silly fetch manifest tinycolor2@^1.0.0
878 silly packumentCache full:https://registry.npmjs.org/tinycolor2 cache-miss
879 http fetch GET 200 https://registry.npmjs.org/tinycolor2 21ms (cache miss)
880 silly packumentCache full:https://registry.npmjs.org/tinycolor2 set size:undefined disposed:false
881 silly fetch manifest @types/tinycolor2@^1.4.0
882 silly packumentCache full:https://registry.npmjs.org/@types%2ftinycolor2 cache-miss
883 http fetch GET 200 https://registry.npmjs.org/@types%2ftinycolor2 24ms (cache miss)
884 silly packumentCache full:https://registry.npmjs.org/@types%2ftinycolor2 set size:undefined disposed:false
885 silly placeDep ROOT agent-base@6.0.2 OK for: https-proxy-agent@5.0.1 want: 6
886 silly placeDep ROOT debug@4.4.3 OK for: https-proxy-agent@5.0.1 want: 4
887 silly fetch manifest ms@^2.1.3
888 silly packumentCache full:https://registry.npmjs.org/ms cache-miss
889 http fetch GET 200 https://registry.npmjs.org/ms 20ms (cache miss)
890 silly packumentCache full:https://registry.npmjs.org/ms set size:undefined disposed:false
891 silly placeDep ROOT ms@2.1.3 OK for: debug@4.4.3 want: ^2.1.3
892 silly placeDep ROOT @jimp/core@1.6.1 OK for: jimp@1.6.1 want: 1.6.1
893 silly placeDep ROOT @jimp/diff@1.6.1 OK for: jimp@1.6.1 want: 1.6.1
894 silly placeDep ROOT @jimp/js-bmp@1.6.1 OK for: jimp@1.6.1 want: 1.6.1
895 silly placeDep ROOT @jimp/js-gif@1.6.1 OK for: jimp@1.6.1 want: 1.6.1
896 silly placeDep ROOT @jimp/js-jpeg@1.6.1 OK for: jimp@1.6.1 want: 1.6.1
897 silly placeDep ROOT @jimp/js-png@1.6.1 OK for: jimp@1.6.1 want: 1.6.1
898 silly placeDep ROOT @jimp/js-tiff@1.6.1 OK for: jimp@1.6.1 want: 1.6.1
899 silly placeDep ROOT @jimp/plugin-blit@1.6.1 OK for: jimp@1.6.1 want: 1.6.1
900 silly placeDep ROOT @jimp/plugin-blur@1.6.1 OK for: jimp@1.6.1 want: 1.6.1
901 silly placeDep ROOT @jimp/plugin-circle@1.6.1 OK for: jimp@1.6.1 want: 1.6.1
902 silly placeDep ROOT @jimp/plugin-color@1.6.1 OK for: jimp@1.6.1 want: 1.6.1
903 silly placeDep ROOT @jimp/plugin-contain@1.6.1 OK for: jimp@1.6.1 want: 1.6.1
904 silly placeDep ROOT @jimp/plugin-cover@1.6.1 OK for: jimp@1.6.1 want: 1.6.1
905 silly placeDep ROOT @jimp/plugin-crop@1.6.1 OK for: jimp@1.6.1 want: 1.6.1
906 silly placeDep ROOT @jimp/plugin-displace@1.6.1 OK for: jimp@1.6.1 want: 1.6.1
907 silly placeDep ROOT @jimp/plugin-dither@1.6.1 OK for: jimp@1.6.1 want: 1.6.1
908 silly placeDep ROOT @jimp/plugin-fisheye@1.6.1 OK for: jimp@1.6.1 want: 1.6.1
909 silly placeDep ROOT @jimp/plugin-flip@1.6.1 OK for: jimp@1.6.1 want: 1.6.1
910 silly placeDep ROOT @jimp/plugin-hash@1.6.1 OK for: jimp@1.6.1 want: 1.6.1
911 silly placeDep ROOT @jimp/plugin-mask@1.6.1 OK for: jimp@1.6.1 want: 1.6.1
912 silly placeDep ROOT @jimp/plugin-print@1.6.1 OK for: jimp@1.6.1 want: 1.6.1
913 silly placeDep ROOT @jimp/plugin-quantize@1.6.1 OK for: jimp@1.6.1 want: 1.6.1
914 silly placeDep ROOT @jimp/plugin-resize@1.6.1 OK for: jimp@1.6.1 want: 1.6.1
915 silly placeDep ROOT @jimp/plugin-rotate@1.6.1 OK for: jimp@1.6.1 want: 1.6.1
916 silly placeDep ROOT @jimp/plugin-threshold@1.6.1 OK for: jimp@1.6.1 want: 1.6.1
917 silly placeDep ROOT @jimp/types@1.6.1 OK for: jimp@1.6.1 want: 1.6.1
918 silly placeDep ROOT @jimp/utils@1.6.1 OK for: jimp@1.6.1 want: 1.6.1
919 silly fetch manifest @jimp/file-ops@1.6.1
920 silly packumentCache full:https://registry.npmjs.org/@jimp%2ffile-ops cache-miss
921 http fetch GET 200 https://registry.npmjs.org/@jimp%2ffile-ops 34ms (cache miss)
922 silly packumentCache full:https://registry.npmjs.org/@jimp%2ffile-ops set size:undefined disposed:false
923 silly fetch manifest await-to-js@^3.0.0
924 silly packumentCache full:https://registry.npmjs.org/await-to-js cache-miss
925 http fetch GET 200 https://registry.npmjs.org/await-to-js 20ms (cache miss)
926 silly packumentCache full:https://registry.npmjs.org/await-to-js set size:undefined disposed:false
927 silly fetch manifest exif-parser@^0.1.12
928 silly packumentCache full:https://registry.npmjs.org/exif-parser cache-miss
929 http fetch GET 200 https://registry.npmjs.org/exif-parser 20ms (cache miss)
930 silly packumentCache full:https://registry.npmjs.org/exif-parser set size:undefined disposed:false
931 silly fetch manifest file-type@^21.3.3
932 silly packumentCache full:https://registry.npmjs.org/file-type cache-miss
933 http cache https://registry.npmjs.org/file-type 2ms (cache hit)
934 silly packumentCache full:https://registry.npmjs.org/file-type set size:562034 disposed:false
935 silly fetch manifest mime@3
936 silly packumentCache full:https://registry.npmjs.org/mime cache-miss
937 http fetch GET 200 https://registry.npmjs.org/mime 24ms (cache miss)
938 silly packumentCache full:https://registry.npmjs.org/mime set size:undefined disposed:false
939 silly fetch manifest pixelmatch@^5.3.0
940 silly packumentCache full:https://registry.npmjs.org/pixelmatch cache-miss
941 http fetch GET 200 https://registry.npmjs.org/pixelmatch 21ms (cache miss)
942 silly packumentCache full:https://registry.npmjs.org/pixelmatch set size:undefined disposed:false
943 silly fetch manifest bmp-ts@^1.0.9
944 silly packumentCache full:https://registry.npmjs.org/bmp-ts cache-miss
945 http fetch GET 200 https://registry.npmjs.org/bmp-ts 23ms (cache miss)
946 silly packumentCache full:https://registry.npmjs.org/bmp-ts set size:undefined disposed:false
947 silly fetch manifest gifwrap@^0.10.1
948 silly packumentCache full:https://registry.npmjs.org/gifwrap cache-miss
949 http fetch GET 200 https://registry.npmjs.org/gifwrap 22ms (cache miss)
950 silly packumentCache full:https://registry.npmjs.org/gifwrap set size:undefined disposed:false
951 silly fetch manifest omggif@^1.0.10
952 silly packumentCache full:https://registry.npmjs.org/omggif cache-miss
953 http fetch GET 200 https://registry.npmjs.org/omggif 24ms (cache miss)
954 silly packumentCache full:https://registry.npmjs.org/omggif set size:undefined disposed:false
955 silly fetch manifest jpeg-js@^0.4.4
956 silly packumentCache full:https://registry.npmjs.org/jpeg-js cache-miss
957 http fetch GET 200 https://registry.npmjs.org/jpeg-js 68ms (cache miss)
958 silly packumentCache full:https://registry.npmjs.org/jpeg-js set size:undefined disposed:false
959 silly fetch manifest pngjs@^7.0.0
960 silly packumentCache full:https://registry.npmjs.org/pngjs cache-miss
961 http cache https://registry.npmjs.org/pngjs 2ms (cache hit)
962 silly packumentCache full:https://registry.npmjs.org/pngjs set size:70154 disposed:false
963 silly fetch manifest utif2@^4.1.0
964 silly packumentCache full:https://registry.npmjs.org/utif2 cache-miss
965 http fetch GET 200 https://registry.npmjs.org/utif2 19ms (cache miss)
966 silly packumentCache full:https://registry.npmjs.org/utif2 set size:undefined disposed:false
967 silly fetch manifest zod@^3.23.8
968 silly packumentCache full:https://registry.npmjs.org/zod cache-miss
969 http fetch GET 200 https://registry.npmjs.org/zod 102ms (cache miss)
970 silly packumentCache full:https://registry.npmjs.org/zod set size:undefined disposed:false
971 silly fetch manifest tinycolor2@^1.6.0
972 silly packumentCache full:https://registry.npmjs.org/tinycolor2 cache-miss
973 http cache https://registry.npmjs.org/tinycolor2 3ms (cache hit)
974 silly packumentCache full:https://registry.npmjs.org/tinycolor2 set size:200459 disposed:false
975 silly fetch manifest any-base@^1.1.0
976 silly packumentCache full:https://registry.npmjs.org/any-base cache-miss
977 http fetch GET 200 https://registry.npmjs.org/any-base 17ms (cache miss)
978 silly packumentCache full:https://registry.npmjs.org/any-base set size:undefined disposed:false
979 silly fetch manifest parse-bmfont-ascii@^1.0.6
980 silly packumentCache full:https://registry.npmjs.org/parse-bmfont-ascii cache-miss
981 http fetch GET 200 https://registry.npmjs.org/parse-bmfont-ascii 21ms (cache miss)
982 silly packumentCache full:https://registry.npmjs.org/parse-bmfont-ascii set size:undefined disposed:false
983 silly fetch manifest parse-bmfont-binary@^1.0.6
984 silly packumentCache full:https://registry.npmjs.org/parse-bmfont-binary cache-miss
985 http fetch GET 200 https://registry.npmjs.org/parse-bmfont-binary 20ms (cache miss)
986 silly packumentCache full:https://registry.npmjs.org/parse-bmfont-binary set size:undefined disposed:false
987 silly fetch manifest parse-bmfont-xml@^1.1.6
988 silly packumentCache full:https://registry.npmjs.org/parse-bmfont-xml cache-miss
989 http fetch GET 200 https://registry.npmjs.org/parse-bmfont-xml 20ms (cache miss)
990 silly packumentCache full:https://registry.npmjs.org/parse-bmfont-xml set size:undefined disposed:false
991 silly fetch manifest simple-xml-to-json@^1.2.2
992 silly packumentCache full:https://registry.npmjs.org/simple-xml-to-json cache-miss
993 http fetch GET 200 https://registry.npmjs.org/simple-xml-to-json 135ms (cache miss)
994 silly packumentCache full:https://registry.npmjs.org/simple-xml-to-json set size:undefined disposed:false
995 silly fetch manifest image-q@^4.0.0
996 silly packumentCache full:https://registry.npmjs.org/image-q cache-miss
997 http fetch GET 200 https://registry.npmjs.org/image-q 45ms (cache miss)
998 silly packumentCache full:https://registry.npmjs.org/image-q set size:undefined disposed:false
999 silly placeDep ROOT @jimp/file-ops@1.6.1 OK for: @jimp/core@1.6.1 want: 1.6.1
1000 silly placeDep ROOT await-to-js@3.0.0 OK for: @jimp/core@1.6.1 want: ^3.0.0
1001 silly placeDep ROOT exif-parser@0.1.12 OK for: @jimp/core@1.6.1 want: ^0.1.12
1002 silly placeDep ROOT file-type@21.3.4 OK for: @jimp/core@1.6.1 want: ^21.3.3
1003 silly placeDep ROOT mime@3.0.0 OK for: @jimp/core@1.6.1 want: 3
1004 silly fetch manifest strtok3@^10.3.4
1005 silly packumentCache full:https://registry.npmjs.org/strtok3 cache-miss
1006 http cache https://registry.npmjs.org/strtok3 4ms (cache hit)
1007 silly packumentCache full:https://registry.npmjs.org/strtok3 set size:412240 disposed:false
1008 silly fetch manifest token-types@^6.1.1
1009 silly packumentCache full:https://registry.npmjs.org/token-types cache-miss
1010 http cache https://registry.npmjs.org/token-types 2ms (cache hit)
1011 silly packumentCache full:https://registry.npmjs.org/token-types set size:155133 disposed:false
1012 silly fetch manifest uint8array-extras@^1.4.0
1013 silly packumentCache full:https://registry.npmjs.org/uint8array-extras cache-miss
1014 http cache https://registry.npmjs.org/uint8array-extras 3ms (cache hit)
1015 silly packumentCache full:https://registry.npmjs.org/uint8array-extras set size:36606 disposed:false
1016 silly fetch manifest @tokenizer/inflate@^0.4.1
1017 silly packumentCache full:https://registry.npmjs.org/@tokenizer%2finflate cache-miss
1018 http fetch GET 200 https://registry.npmjs.org/@tokenizer%2finflate 29ms (cache miss)
1019 silly packumentCache full:https://registry.npmjs.org/@tokenizer%2finflate set size:undefined disposed:false
1020 silly placeDep ROOT pixelmatch@5.3.0 OK for: @jimp/diff@1.6.1 want: ^5.3.0
1021 silly fetch manifest pngjs@^6.0.0
1022 silly packumentCache full:https://registry.npmjs.org/pngjs cache-hit
1023 silly placeDep ROOT bmp-ts@1.0.9 OK for: @jimp/js-bmp@1.6.1 want: ^1.0.9
1024 silly placeDep ROOT gifwrap@0.10.1 OK for: @jimp/js-gif@1.6.1 want: ^0.10.1
1025 silly placeDep ROOT omggif@1.0.10 OK for: @jimp/js-gif@1.6.1 want: ^1.0.10
1026 silly placeDep ROOT jpeg-js@0.4.4 OK for: @jimp/js-jpeg@1.6.1 want: ^0.4.4
1027 silly placeDep ROOT pngjs@7.0.0 OK for: @jimp/js-png@1.6.1 want: ^7.0.0
1028 silly placeDep ROOT utif2@4.1.0 OK for: @jimp/js-tiff@1.6.1 want: ^4.1.0
1029 silly fetch manifest pako@^1.0.11
1030 silly packumentCache full:https://registry.npmjs.org/pako cache-miss
1031 http fetch GET 200 https://registry.npmjs.org/pako 21ms (cache miss)
1032 silly packumentCache full:https://registry.npmjs.org/pako set size:undefined disposed:false
1033 silly placeDep ROOT zod@3.25.76 OK for: @jimp/plugin-blit@1.6.1 want: ^3.23.8
1034 silly placeDep ROOT tinycolor2@1.6.0 OK for: @jimp/plugin-color@1.6.1 want: ^1.6.0
1035 silly placeDep ROOT any-base@1.1.0 OK for: @jimp/plugin-hash@1.6.1 want: ^1.1.0
1036 silly placeDep ROOT parse-bmfont-ascii@1.0.6 OK for: @jimp/plugin-print@1.6.1 want: ^1.0.6
1037 silly placeDep ROOT parse-bmfont-binary@1.0.6 OK for: @jimp/plugin-print@1.6.1 want: ^1.0.6
1038 silly placeDep ROOT parse-bmfont-xml@1.1.6 OK for: @jimp/plugin-print@1.6.1 want: ^1.1.6
1039 silly placeDep ROOT simple-xml-to-json@1.2.7 OK for: @jimp/plugin-print@1.6.1 want: ^1.2.2
1040 silly fetch manifest xml-parse-from-string@^1.0.0
1041 silly packumentCache full:https://registry.npmjs.org/xml-parse-from-string cache-miss
1042 http fetch GET 200 https://registry.npmjs.org/xml-parse-from-string 17ms (cache miss)
1043 silly packumentCache full:https://registry.npmjs.org/xml-parse-from-string set size:undefined disposed:false
1044 silly fetch manifest xml2js@^0.5.0
1045 silly packumentCache full:https://registry.npmjs.org/xml2js cache-miss
1046 http fetch GET 200 https://registry.npmjs.org/xml2js 26ms (cache miss)
1047 silly packumentCache full:https://registry.npmjs.org/xml2js set size:undefined disposed:false
1048 silly placeDep ROOT image-q@4.0.0 OK for: @jimp/plugin-quantize@1.6.1 want: ^4.0.0
1049 silly fetch manifest @types/node@16.9.1
1050 silly packumentCache full:https://registry.npmjs.org/@types%2fnode cache-miss
1051 http cache https://registry.npmjs.org/@types%2fnode 15ms (cache hit)
1052 silly packumentCache full:https://registry.npmjs.org/@types%2fnode set size:11103927 disposed:false
1053 silly placeDep ROOT @tokenizer/inflate@0.4.1 OK for: file-type@21.3.4 want: ^0.4.1
1054 silly placeDep ROOT strtok3@10.3.5 OK for: file-type@21.3.4 want: ^10.3.4
1055 silly placeDep ROOT token-types@6.1.2 OK for: file-type@21.3.4 want: ^6.1.1
1056 silly placeDep ROOT uint8array-extras@1.5.0 OK for: file-type@21.3.4 want: ^1.4.0
1057 silly fetch manifest @borewit/text-codec@^0.2.1
1058 silly packumentCache full:https://registry.npmjs.org/@borewit%2ftext-codec cache-miss
1059 http cache https://registry.npmjs.org/@borewit%2ftext-codec 3ms (cache hit)
1060 silly packumentCache full:https://registry.npmjs.org/@borewit%2ftext-codec set size:15427 disposed:false
1061 silly fetch manifest ieee754@^1.2.1
1062 silly packumentCache full:https://registry.npmjs.org/ieee754 cache-miss
1063 http fetch GET 200 https://registry.npmjs.org/ieee754 20ms (cache miss)
1064 silly packumentCache full:https://registry.npmjs.org/ieee754 set size:undefined disposed:false
1065 silly placeDep ROOT @types/node@16.9.1 OK for: image-q@4.0.0 want: 16.9.1
1066 silly placeDep ROOT @keyv/serialize@1.1.1 OK for: keyv@5.6.0 want: ^1.1.1
1067 silly placeDep ROOT curve25519-js@0.0.4 OK for: libsignal@6.0.0 want: ^0.0.4
1068 silly placeDep ROOT mime-db@1.54.0 OK for: mime-types@3.0.2 want: ^1.54.0
1069 silly placeDep ROOT @borewit/text-codec@0.2.2 OK for: music-metadata@11.15.0 want: ^0.2.2
1070 silly placeDep ROOT @tokenizer/token@0.3.0 OK for: music-metadata@11.15.0 want: ^0.3.0
1071 silly placeDep ROOT content-type@2.1.0 OK for: music-metadata@11.15.0 want: ^2.1.0
1072 silly placeDep ROOT media-typer@2.0.0 OK for: music-metadata@11.15.0 want: ^2.0.0
1073 silly placeDep ROOT win-guid@0.2.1 OK for: music-metadata@11.15.0 want: ^0.2.1
1074 silly placeDep ROOT clone@2.1.2 OK for: node-cache@5.1.2 want: 2.x
1075 silly placeDep ROOT data-uri-to-buffer@4.0.1 OK for: node-fetch@3.3.2 want: ^4.0.0
1076 silly placeDep ROOT fetch-blob@3.2.0 OK for: node-fetch@3.3.2 want: ^3.1.4
1077 silly placeDep ROOT formdata-polyfill@4.0.10 OK for: node-fetch@3.3.2 want: ^4.0.10
1078 silly fetch manifest node-domexception@^1.0.0
1079 silly packumentCache full:https://registry.npmjs.org/node-domexception cache-miss
1080 http fetch GET 200 https://registry.npmjs.org/node-domexception 21ms (cache miss)
1081 silly packumentCache full:https://registry.npmjs.org/node-domexception set size:undefined disposed:false
1082 silly fetch manifest web-streams-polyfill@^3.0.3
1083 silly packumentCache full:https://registry.npmjs.org/web-streams-polyfill cache-miss
1084 http fetch GET 200 https://registry.npmjs.org/web-streams-polyfill 27ms (cache miss)
1085 silly packumentCache full:https://registry.npmjs.org/web-streams-polyfill set size:undefined disposed:false
1086 silly placeDep ROOT node-domexception@1.0.0 OK for: fetch-blob@3.2.0 want: ^1.0.0
1087 silly placeDep ROOT web-streams-polyfill@3.3.3 OK for: fetch-blob@3.2.0 want: ^3.0.3
1088 silly placeDep ROOT eventemitter3@5.0.4 OK for: p-queue@9.3.3 want: ^5.0.4
1089 silly placeDep ROOT p-timeout@7.0.1 OK for: p-queue@9.3.3 want: ^7.0.0
1090 silly placeDep ROOT xml-parse-from-string@1.0.1 OK for: parse-bmfont-xml@1.1.6 want: ^1.0.0
1091 silly placeDep ROOT xml2js@0.5.0 OK for: parse-bmfont-xml@1.1.6 want: ^0.5.0
1092 silly fetch manifest sax@>=0.6.0
1093 silly packumentCache full:https://registry.npmjs.org/sax cache-miss
1094 http fetch GET 200 https://registry.npmjs.org/sax 21ms (cache miss)
1095 silly packumentCache full:https://registry.npmjs.org/sax set size:undefined disposed:false
1096 silly fetch manifest xmlbuilder@~11.0.0
1097 silly packumentCache full:https://registry.npmjs.org/xmlbuilder cache-miss
1098 http fetch GET 200 https://registry.npmjs.org/xmlbuilder 26ms (cache miss)
1099 silly packumentCache full:https://registry.npmjs.org/xmlbuilder set size:undefined disposed:false
1100 silly placeDep ROOT @pinojs/redact@0.4.0 OK for: pino@10.3.1 want: ^0.4.0
1101 silly placeDep ROOT atomic-sleep@1.0.0 OK for: pino@10.3.1 want: ^1.0.0
1102 silly placeDep ROOT on-exit-leak-free@2.1.2 OK for: pino@10.3.1 want: ^2.1.0
1103 silly placeDep ROOT pino-abstract-transport@3.0.0 OK for: pino@10.3.1 want: ^3.0.0
1104 silly placeDep ROOT pino-std-serializers@7.1.0 OK for: pino@10.3.1 want: ^7.0.0
1105 silly placeDep ROOT process-warning@5.1.0 OK for: pino@10.3.1 want: ^5.0.0
1106 silly placeDep ROOT quick-format-unescaped@4.0.4 OK for: pino@10.3.1 want: ^4.0.3
1107 silly placeDep ROOT real-require@0.2.0 OK for: pino@10.3.1 want: ^0.2.0
1108 silly placeDep ROOT safe-stable-stringify@2.5.0 OK for: pino@10.3.1 want: ^2.3.1
1109 silly placeDep ROOT sonic-boom@4.2.1 OK for: pino@10.3.1 want: ^4.0.1
1110 silly placeDep ROOT thread-stream@4.2.0 OK for: pino@10.3.1 want: ^4.0.0
1111 silly fetch manifest split2@^4.0.0
1112 silly packumentCache full:https://registry.npmjs.org/split2 cache-miss
1113 http fetch GET 200 https://registry.npmjs.org/split2 21ms (cache miss)
1114 silly packumentCache full:https://registry.npmjs.org/split2 set size:undefined disposed:false
1115 silly fetch manifest real-require@^1.0.0
1116 silly packumentCache full:https://registry.npmjs.org/real-require cache-miss
1117 http cache https://registry.npmjs.org/real-require 2ms (cache hit)
1118 silly packumentCache full:https://registry.npmjs.org/real-require set size:10846 disposed:false
1119 silly placeDep ROOT split2@4.2.0 OK for: pino-abstract-transport@3.0.0 want: ^4.0.0
1120 silly placeDep node_modules/pixelmatch pngjs@6.0.0 OK for: pixelmatch@5.3.0 want: ^6.0.0
1121 silly placeDep ROOT @protobufjs/aspromise@1.1.2 OK for: protobufjs@7.6.6 want: ^1.1.2
1122 silly placeDep ROOT @protobufjs/base64@1.1.2 OK for: protobufjs@7.6.6 want: ^1.1.2
1123 silly placeDep ROOT @protobufjs/codegen@2.0.5 OK for: protobufjs@7.6.6 want: ^2.0.5
1124 silly placeDep ROOT @protobufjs/eventemitter@1.1.1 OK for: protobufjs@7.6.6 want: ^1.1.1
1125 silly placeDep ROOT @protobufjs/fetch@1.1.1 OK for: protobufjs@7.6.6 want: ^1.1.1
1126 silly placeDep ROOT @protobufjs/float@1.0.2 OK for: protobufjs@7.6.6 want: ^1.0.2
1127 silly placeDep ROOT @protobufjs/path@1.1.2 OK for: protobufjs@7.6.6 want: ^1.1.2
1128 silly placeDep ROOT @protobufjs/pool@1.1.0 OK for: protobufjs@7.6.6 want: ^1.1.0
1129 silly placeDep ROOT @protobufjs/utf8@1.1.2 OK for: protobufjs@7.6.6 want: ^1.1.1
1130 silly placeDep ROOT long@5.3.2 OK for: protobufjs@7.6.6 want: ^5.3.2
1131 silly placeDep node_modules/qified hookified@2.2.0 OK for: qified@0.10.1 want: ^2.1.1
1132 silly placeDep ROOT dijkstrajs@1.0.3 OK for: qrcode@1.5.4 want: ^1.0.1
1133 silly placeDep node_modules/qrcode pngjs@5.0.0 OK for: qrcode@1.5.4 want: ^5.0.0
1134 silly placeDep ROOT yargs@15.4.1 OK for: qrcode@1.5.4 want: ^15.3.1
1135 silly fetch manifest y18n@^4.0.0
1136 silly packumentCache full:https://registry.npmjs.org/y18n cache-miss
1137 http fetch GET 200 https://registry.npmjs.org/y18n 24ms (cache miss)
1138 silly packumentCache full:https://registry.npmjs.org/y18n set size:undefined disposed:false
1139 silly fetch manifest cliui@^6.0.0
1140 silly packumentCache full:https://registry.npmjs.org/cliui cache-miss
1141 http fetch GET 200 https://registry.npmjs.org/cliui 24ms (cache miss)
1142 silly packumentCache full:https://registry.npmjs.org/cliui set size:undefined disposed:false
1143 silly fetch manifest find-up@^4.1.0
1144 silly packumentCache full:https://registry.npmjs.org/find-up cache-miss
1145 http fetch GET 200 https://registry.npmjs.org/find-up 21ms (cache miss)
1146 silly packumentCache full:https://registry.npmjs.org/find-up set size:undefined disposed:false
1147 silly fetch manifest decamelize@^1.2.0
1148 silly packumentCache full:https://registry.npmjs.org/decamelize cache-miss
1149 http fetch GET 200 https://registry.npmjs.org/decamelize 21ms (cache miss)
1150 silly packumentCache full:https://registry.npmjs.org/decamelize set size:undefined disposed:false
1151 silly fetch manifest set-blocking@^2.0.0
1152 silly packumentCache full:https://registry.npmjs.org/set-blocking cache-miss
1153 http fetch GET 200 https://registry.npmjs.org/set-blocking 22ms (cache miss)
1154 silly packumentCache full:https://registry.npmjs.org/set-blocking set size:undefined disposed:false
1155 silly fetch manifest string-width@^4.2.0
1156 silly packumentCache full:https://registry.npmjs.org/string-width cache-miss
1157 http fetch GET 200 https://registry.npmjs.org/string-width 21ms (cache miss)
1158 silly packumentCache full:https://registry.npmjs.org/string-width set size:undefined disposed:false
1159 silly fetch manifest which-module@^2.0.0
1160 silly packumentCache full:https://registry.npmjs.org/which-module cache-miss
1161 http fetch GET 200 https://registry.npmjs.org/which-module 19ms (cache miss)
1162 silly packumentCache full:https://registry.npmjs.org/which-module set size:undefined disposed:false
1163 silly fetch manifest yargs-parser@^18.1.2
1164 silly packumentCache full:https://registry.npmjs.org/yargs-parser cache-miss
1165 http fetch GET 200 https://registry.npmjs.org/yargs-parser 28ms (cache miss)
1166 silly packumentCache full:https://registry.npmjs.org/yargs-parser set size:undefined disposed:false
1167 silly fetch manifest get-caller-file@^2.0.1
1168 silly packumentCache full:https://registry.npmjs.org/get-caller-file cache-miss
1169 http fetch GET 200 https://registry.npmjs.org/get-caller-file 20ms (cache miss)
1170 silly packumentCache full:https://registry.npmjs.org/get-caller-file set size:undefined disposed:false
1171 silly fetch manifest require-directory@^2.1.1
1172 silly packumentCache full:https://registry.npmjs.org/require-directory cache-miss
1173 http fetch GET 200 https://registry.npmjs.org/require-directory 18ms (cache miss)
1174 silly packumentCache full:https://registry.npmjs.org/require-directory set size:undefined disposed:false
1175 silly fetch manifest require-main-filename@^2.0.0
1176 silly packumentCache full:https://registry.npmjs.org/require-main-filename cache-miss
1177 http fetch GET 200 https://registry.npmjs.org/require-main-filename 19ms (cache miss)
1178 silly packumentCache full:https://registry.npmjs.org/require-main-filename set size:undefined disposed:false
1179 silly placeDep ROOT @img/colour@1.1.0 OK for: sharp@0.35.4 want: ^1.1.0
1180 silly placeDep ROOT @img/sharp-darwin-arm64@0.35.4 OK for: sharp@0.35.4 want: 0.35.4
1181 silly placeDep ROOT @img/sharp-darwin-x64@0.35.4 OK for: sharp@0.35.4 want: 0.35.4
1182 silly placeDep ROOT @img/sharp-freebsd-wasm32@0.35.4 OK for: sharp@0.35.4 want: 0.35.4
1183 silly placeDep ROOT @img/sharp-libvips-darwin-arm64@1.3.3 OK for: sharp@0.35.4 want: 1.3.3
1184 silly placeDep ROOT @img/sharp-libvips-darwin-x64@1.3.3 OK for: sharp@0.35.4 want: 1.3.3
1185 silly placeDep ROOT @img/sharp-libvips-linux-arm@1.3.3 OK for: sharp@0.35.4 want: 1.3.3
1186 silly placeDep ROOT @img/sharp-libvips-linux-arm64@1.3.3 OK for: sharp@0.35.4 want: 1.3.3
1187 silly placeDep ROOT @img/sharp-libvips-linux-ppc64@1.3.3 OK for: sharp@0.35.4 want: 1.3.3
1188 silly placeDep ROOT @img/sharp-libvips-linux-riscv64@1.3.3 OK for: sharp@0.35.4 want: 1.3.3
1189 silly placeDep ROOT @img/sharp-libvips-linux-s390x@1.3.3 OK for: sharp@0.35.4 want: 1.3.3
1190 silly placeDep ROOT @img/sharp-libvips-linux-x64@1.3.3 OK for: sharp@0.35.4 want: 1.3.3
1191 silly placeDep ROOT @img/sharp-libvips-linuxmusl-arm64@1.3.3 OK for: sharp@0.35.4 want: 1.3.3
1192 silly placeDep ROOT @img/sharp-libvips-linuxmusl-x64@1.3.3 OK for: sharp@0.35.4 want: 1.3.3
1193 silly placeDep ROOT @img/sharp-linux-arm@0.35.4 OK for: sharp@0.35.4 want: 0.35.4
1194 silly placeDep ROOT @img/sharp-linux-arm64@0.35.4 OK for: sharp@0.35.4 want: 0.35.4
1195 silly placeDep ROOT @img/sharp-linux-ppc64@0.35.4 OK for: sharp@0.35.4 want: 0.35.4
1196 silly placeDep ROOT @img/sharp-linux-riscv64@0.35.4 OK for: sharp@0.35.4 want: 0.35.4
1197 silly placeDep ROOT @img/sharp-linux-s390x@0.35.4 OK for: sharp@0.35.4 want: 0.35.4
1198 silly placeDep ROOT @img/sharp-linux-x64@0.35.4 OK for: sharp@0.35.4 want: 0.35.4
1199 silly placeDep ROOT @img/sharp-linuxmusl-arm64@0.35.4 OK for: sharp@0.35.4 want: 0.35.4
1200 silly placeDep ROOT @img/sharp-linuxmusl-x64@0.35.4 OK for: sharp@0.35.4 want: 0.35.4
1201 silly placeDep ROOT @img/sharp-webcontainers-wasm32@0.35.4 OK for: sharp@0.35.4 want: 0.35.4
1202 silly placeDep ROOT @img/sharp-win32-arm64@0.35.4 OK for: sharp@0.35.4 want: 0.35.4
1203 silly placeDep ROOT @img/sharp-win32-ia32@0.35.4 OK for: sharp@0.35.4 want: 0.35.4
1204 silly placeDep ROOT @img/sharp-win32-x64@0.35.4 OK for: sharp@0.35.4 want: 0.35.4
1205 silly placeDep ROOT detect-libc@2.1.2 OK for: sharp@0.35.4 want: ^2.1.2
1206 silly placeDep ROOT semver@7.8.5 OK for: sharp@0.35.4 want: ^7.8.5
1207 silly fetch manifest @img/sharp-wasm32@0.35.4
1208 silly packumentCache full:https://registry.npmjs.org/@img%2fsharp-wasm32 cache-miss
1209 http fetch GET 200 https://registry.npmjs.org/@img%2fsharp-wasm32 62ms (cache miss)
1210 silly packumentCache full:https://registry.npmjs.org/@img%2fsharp-wasm32 set size:undefined disposed:false
1211 silly placeDep ROOT @img/sharp-wasm32@0.35.4 OK for: @img/sharp-freebsd-wasm32@0.35.4 want: 0.35.4
1212 silly fetch manifest @emnapi/runtime@^1.11.3
1213 silly packumentCache full:https://registry.npmjs.org/@emnapi%2fruntime cache-miss
1214 http fetch GET 200 https://registry.npmjs.org/@emnapi%2fruntime 62ms (cache miss)
1215 silly packumentCache full:https://registry.npmjs.org/@emnapi%2fruntime set size:undefined disposed:false
1216 silly placeDep ROOT @emnapi/runtime@1.11.3 OK for: @img/sharp-wasm32@0.35.4 want: ^1.11.3
1217 silly placeDep ROOT acorn-node@1.8.2 OK for: syntax-error@1.4.0 want: ^1.2.0
1218 silly fetch manifest acorn@^7.0.0
1219 silly packumentCache full:https://registry.npmjs.org/acorn cache-miss
